Archive member included to satisfy reference by file (symbol)

e:/sriraj/nxp/ide/plugins/com.nxp.mcuxpresso.tools.win32_11.6.0.202112161359/tools/bin/../lib/gcc/arm-none-eabi/10.3.1/../../../../arm-none-eabi/lib/thumb/v6-m/nofp\libcr_semihost_nf.a(_cr__main.o)
                              ./startup/startup_mkl25z4.o (__main)
e:/sriraj/nxp/ide/plugins/com.nxp.mcuxpresso.tools.win32_11.6.0.202112161359/tools/bin/../lib/gcc/arm-none-eabi/10.3.1/../../../../arm-none-eabi/lib/thumb/v6-m/nofp\libcr_semihost_nf.a(_cr_assert.o)
                              ./source/main.o (__assertion_failed)
e:/sriraj/nxp/ide/plugins/com.nxp.mcuxpresso.tools.win32_11.6.0.202112161359/tools/bin/../lib/gcc/arm-none-eabi/10.3.1/../../../../arm-none-eabi/lib/thumb/v6-m/nofp\libcr_semihost_nf.a(__ciob.o)
                              e:/sriraj/nxp/ide/plugins/com.nxp.mcuxpresso.tools.win32_11.6.0.202112161359/tools/bin/../lib/gcc/arm-none-eabi/10.3.1/../../../../arm-none-eabi/lib/thumb/v6-m/nofp\libcr_semihost_nf.a(_cr_assert.o) (__Ciob)
e:/sriraj/nxp/ide/plugins/com.nxp.mcuxpresso.tools.win32_11.6.0.202112161359/tools/bin/../lib/gcc/arm-none-eabi/10.3.1/../../../../arm-none-eabi/lib/thumb/v6-m/nofp\libcr_semihost_nf.a(__sys_appexit.o)
                              e:/sriraj/nxp/ide/plugins/com.nxp.mcuxpresso.tools.win32_11.6.0.202112161359/tools/bin/../lib/gcc/arm-none-eabi/10.3.1/../../../../arm-none-eabi/lib/thumb/v6-m/nofp\libcr_semihost_nf.a(_cr_assert.o) (__sys_appexit)
e:/sriraj/nxp/ide/plugins/com.nxp.mcuxpresso.tools.win32_11.6.0.202112161359/tools/bin/../lib/gcc/arm-none-eabi/10.3.1/../../../../arm-none-eabi/lib/thumb/v6-m/nofp\libcr_c.a(memcpy.o)
                              ./source/isha.o (memcpy)
e:/sriraj/nxp/ide/plugins/com.nxp.mcuxpresso.tools.win32_11.6.0.202112161359/tools/bin/../lib/gcc/arm-none-eabi/10.3.1/../../../../arm-none-eabi/lib/thumb/v6-m/nofp\libcr_c.a(memset.o)
                              ./source/isha.o (memset)
e:/sriraj/nxp/ide/plugins/com.nxp.mcuxpresso.tools.win32_11.6.0.202112161359/tools/bin/../lib/gcc/arm-none-eabi/10.3.1/../../../../arm-none-eabi/lib/thumb/v6-m/nofp\libcr_c.a(_deferredlazyseek.o)
                              e:/sriraj/nxp/ide/plugins/com.nxp.mcuxpresso.tools.win32_11.6.0.202112161359/tools/bin/../lib/gcc/arm-none-eabi/10.3.1/../../../../arm-none-eabi/lib/thumb/v6-m/nofp\libcr_semihost_nf.a(_cr_assert.o) (__flsbuf)
e:/sriraj/nxp/ide/plugins/com.nxp.mcuxpresso.tools.win32_11.6.0.202112161359/tools/bin/../lib/gcc/arm-none-eabi/10.3.1/../../../../arm-none-eabi/lib/thumb/v6-m/nofp\libcr_c.a(_fflush.o)
                              e:/sriraj/nxp/ide/plugins/com.nxp.mcuxpresso.tools.win32_11.6.0.202112161359/tools/bin/../lib/gcc/arm-none-eabi/10.3.1/../../../../arm-none-eabi/lib/thumb/v6-m/nofp\libcr_c.a(_deferredlazyseek.o) (_fflush)
e:/sriraj/nxp/ide/plugins/com.nxp.mcuxpresso.tools.win32_11.6.0.202112161359/tools/bin/../lib/gcc/arm-none-eabi/10.3.1/../../../../arm-none-eabi/lib/thumb/v6-m/nofp\libcr_c.a(_writebuf.o)
                              e:/sriraj/nxp/ide/plugins/com.nxp.mcuxpresso.tools.win32_11.6.0.202112161359/tools/bin/../lib/gcc/arm-none-eabi/10.3.1/../../../../arm-none-eabi/lib/thumb/v6-m/nofp\libcr_c.a(_deferredlazyseek.o) (_Cwritebuf)
e:/sriraj/nxp/ide/plugins/com.nxp.mcuxpresso.tools.win32_11.6.0.202112161359/tools/bin/../lib/gcc/arm-none-eabi/10.3.1/../../../../arm-none-eabi/lib/thumb/v6-m/nofp\libcr_c.a(alloc.o)
                              e:/sriraj/nxp/ide/plugins/com.nxp.mcuxpresso.tools.win32_11.6.0.202112161359/tools/bin/../lib/gcc/arm-none-eabi/10.3.1/../../../../arm-none-eabi/lib/thumb/v6-m/nofp\libcr_c.a(_deferredlazyseek.o) (_Csys_alloc)
e:/sriraj/nxp/ide/plugins/com.nxp.mcuxpresso.tools.win32_11.6.0.202112161359/tools/bin/../lib/gcc/arm-none-eabi/10.3.1/../../../../arm-none-eabi/lib/thumb/v6-m/nofp\libcr_c.a(fputs.o)
                              e:/sriraj/nxp/ide/plugins/com.nxp.mcuxpresso.tools.win32_11.6.0.202112161359/tools/bin/../lib/gcc/arm-none-eabi/10.3.1/../../../../arm-none-eabi/lib/thumb/v6-m/nofp\libcr_semihost_nf.a(_cr_assert.o) (fputs)
e:/sriraj/nxp/ide/plugins/com.nxp.mcuxpresso.tools.win32_11.6.0.202112161359/tools/bin/../lib/gcc/arm-none-eabi/10.3.1/../../../../arm-none-eabi/lib/thumb/v6-m/nofp\libcr_c.a(fseek.o)
                              e:/sriraj/nxp/ide/plugins/com.nxp.mcuxpresso.tools.win32_11.6.0.202112161359/tools/bin/../lib/gcc/arm-none-eabi/10.3.1/../../../../arm-none-eabi/lib/thumb/v6-m/nofp\libcr_c.a(_deferredlazyseek.o) (fseek)
e:/sriraj/nxp/ide/plugins/com.nxp.mcuxpresso.tools.win32_11.6.0.202112161359/tools/bin/../lib/gcc/arm-none-eabi/10.3.1/../../../../arm-none-eabi/lib/thumb/v6-m/nofp\libcr_c.a(ftell.o)
                              e:/sriraj/nxp/ide/plugins/com.nxp.mcuxpresso.tools.win32_11.6.0.202112161359/tools/bin/../lib/gcc/arm-none-eabi/10.3.1/../../../../arm-none-eabi/lib/thumb/v6-m/nofp\libcr_c.a(fseek.o) (ftell)
[...]
Memory Configuration

Name             Origin             Length             Attributes
PROGRAM_FLASH    0x00000000         0x00020000         xr
SRAM             0x1ffff000         0x00004000         xrw
*default*        0x00000000         0xffffffff

Linker script and memory map

LOAD ./utilities/fsl_debug_console.o
LOAD ./startup/startup_mkl25z4.o
LOAD ./source/assemblyprocessmsgblk.o
LOAD ./source/isha.o
LOAD ./source/main.o
LOAD ./source/mtb.o
LOAD ./source/pbkdf2.o
LOAD ./source/pbkdf2_test.o
LOAD ./source/semihost_hardfault.o
LOAD ./source/ticktime.o
LOAD ./drivers/fsl_clock.o
LOAD ./drivers/fsl_common.o
LOAD ./drivers/fsl_flash.o
LOAD ./drivers/fsl_gpio.o
LOAD ./drivers/fsl_lpsci.o
LOAD ./drivers/fsl_smc.o
LOAD ./drivers/fsl_uart.o
LOAD ./board/board.o
LOAD ./board/clock_config.o
LOAD ./board/peripherals.o
LOAD ./board/pin_mux.o
LOAD ./CMSIS/system_MKL25Z4.o
START GROUP
LOAD e:/sriraj/nxp/ide/plugins/com.nxp.mcuxpresso.tools.win32_11.6.0.202112161359/tools/bin/../lib/gcc/arm-none-eabi/10.3.1/../../../../arm-none-eabi/lib/thumb/v6-m/nofp\libcr_semihost_nf.a
LOAD e:/sriraj/nxp/ide/plugins/com.nxp.mcuxpresso.tools.win32_11.6.0.202112161359/tools/bin/../lib/gcc/arm-none-eabi/10.3.1/../../../../arm-none-eabi/lib/thumb/v6-m/nofp\libcr_c.a
LOAD e:/sriraj/nxp/ide/plugins/com.nxp.mcuxpresso.tools.win32_11.6.0.202112161359/tools/bin/../lib/gcc/arm-none-eabi/10.3.1/thumb/v6-m/nofp\libcr_eabihelpers.a
LOAD e:/sriraj/nxp/ide/plugins/com.nxp.mcuxpresso.tools.win32_11.6.0.202112161359/tools/bin/../lib/gcc/arm-none-eabi/10.3.1/thumb/v6-m/nofp\libgcc.a
END GROUP
                0x00000000                __base_PROGRAM_FLASH = 0x0
                0x00000000                __base_Flash = 0x0
                0x00020000                __top_PROGRAM_FLASH = 0x20000
                0x00020000                __top_Flash = 0x20000
                0x1ffff000                __base_SRAM = 0x1ffff000
                0x1ffff000                __base_RAM = 0x1ffff000
                0x20003000                __top_SRAM = 0x20003000
                0x20003000                __top_RAM = 0x20003000

.text           0x00000000     0x5128
 FILL mask 0xff
                0x00000000                __vectors_start__ = ABSOLUTE (.)
 *(SORT_BY_ALIGNMENT(.isr_vector))
 .isr_vector    0x00000000       0xc0 ./startup/startup_mkl25z4.o
                0x00000000                g_pfnVectors
                0x00000000                __Vectors
                0x000000c0                . = ALIGN (0x4)
                0x000000c0                __section_table_start = .
                0x000000c0                __data_section_table = .
                0x000000c0        0x4 LONG 0x5128 LOADADDR (.data)
                0x000000c4        0x4 LONG 0x1ffff080 ADDR (.data)
                0x000000c8        0x4 LONG 0x8 SIZEOF (.data)
                0x000000cc                __data_section_table_end = .
                0x000000cc                __bss_section_table = .
                0x000000cc        0x4 LONG 0x1ffff088 ADDR (.bss)
                0x000000d0        0x4 LONG 0x2c8 SIZEOF (.bss)
                0x000000d4                __bss_section_table_end = .
                0x000000d4                __section_table_end = .
 *(SORT_BY_ALIGNMENT(.after_vectors*))
 .after_vectors.reset
                0x000000d4       0x4c ./startup/startup_mkl25z4.o
                0x000000d4                ResetISR
 .after_vectors.init_data
                0x00000120       0x12 ./startup/startup_mkl25z4.o
                0x00000120                data_init
 .after_vectors.init_bss
                0x00000132       0x10 ./startup/startup_mkl25z4.o
                0x00000132                bss_init
 .after_vectors
                0x00000142      0x10c ./startup/startup_mkl25z4.o
                0x00000142                NMI_Handler
                0x00000146                SVC_Handler
                0x00000148                PendSV_Handler
                0x0000014c                SPI1_DriverIRQHandler
                0x0000014c                LPTMR0_DriverIRQHandler
                0x0000014c                DMA0_DriverIRQHandler
                0x0000014c                I2C0_DriverIRQHandler
                0x0000014c                Reserved39_DriverIRQHandler
                0x0000014c                PORTD_DriverIRQHandler
                0x0000014c                DMA2_DriverIRQHandler
                0x0000014c                CMP0_DriverIRQHandler
                0x0000014c                TPM2_DriverIRQHandler
                0x0000014c                ADC0_DriverIRQHandler
                0x0000014c                SPI0_DriverIRQHandler
                0x0000014c                TSI0_DriverIRQHandler
                0x0000014c                RTC_Seconds_DriverIRQHandler
                0x0000014c                I2C1_DriverIRQHandler
                0x0000014c                DMA1_DriverIRQHandler
                0x0000014c                LLWU_DriverIRQHandler
                0x0000014c                MCG_DriverIRQHandler
                0x0000014c                PIT_DriverIRQHandler
                0x0000014c                RTC_DriverIRQHandler
                0x0000014c                TPM1_DriverIRQHandler
                0x0000014c                FTFA_DriverIRQHandler
                0x0000014c                IntDefaultHandler
                0x0000014c                USB0_DriverIRQHandler
                0x0000014c                DAC0_DriverIRQHandler
                0x0000014c                PORTA_DriverIRQHandler
                0x0000014c                LVD_LVW_DriverIRQHandler
                0x0000014c                TPM0_DriverIRQHandler
                0x0000014c                Reserved45_DriverIRQHandler
                0x0000014c                DMA3_DriverIRQHandler
                0x0000014c                Reserved20_DriverIRQHandler
                0x0000014e                DMA0_IRQHandler
                0x00000156                DMA1_IRQHandler
                0x0000015e                DMA2_IRQHandler
                0x00000166                DMA3_IRQHandler
                0x0000016e                Reserved20_IRQHandler
                0x00000176                FTFA_IRQHandler
                0x0000017e                LVD_LVW_IRQHandler
                0x00000186                LLWU_IRQHandler
                0x0000018e                I2C0_IRQHandler
                0x00000196                I2C1_IRQHandler
                0x0000019e                SPI0_IRQHandler
                0x000001a6                SPI1_IRQHandler
                0x000001ae                UART0_IRQHandler
                0x000001b6                UART1_IRQHandler
                0x000001be                UART2_IRQHandler
                0x000001c6                ADC0_IRQHandler
                0x000001ce                CMP0_IRQHandler
                0x000001d6                TPM0_IRQHandler
                0x000001de                TPM1_IRQHandler
                0x000001e6                TPM2_IRQHandler
                0x000001ee                RTC_IRQHandler
                0x000001f6                RTC_Seconds_IRQHandler
                0x000001fe                PIT_IRQHandler
                0x00000206                Reserved39_IRQHandler
                0x0000020e                USB0_IRQHandler
                0x00000216                DAC0_IRQHandler
                0x0000021e                TSI0_IRQHandler
                0x00000226                MCG_IRQHandler
                0x0000022e                LPTMR0_IRQHandler
                0x00000236                Reserved45_IRQHandler
                0x0000023e                PORTA_IRQHandler
                0x00000246                PORTD_IRQHandler
                0x00000400                . = 0x400
 *fill*         0x0000024e      0x1b2 ff
                0x00000400                PROVIDE (__FLASH_CONFIG_START__ = .)
 *(SORT_BY_ALIGNMENT(.FlashConfig))
 .FlashConfig   0x00000400       0x10 ./startup/startup_mkl25z4.o
                0x00000400                Flash_Config
                0x00000410                PROVIDE (__FLASH_CONFIG_END__ = .)
                0x00000001                ASSERT (! ((__FLASH_CONFIG_START__ == __FLASH_CONFIG_END__)), Linker Flash Config Support Enabled, but no .FlashConfig section provided within application)
 *(SORT_BY_ALIGNMENT(.text*))
 .text.DbgConsole_Init
                0x00000410       0xf4 ./utilities/fsl_debug_console.o
                0x00000410                DbgConsole_Init
 .text.ISHAReset
                0x00000504       0x5c ./source/isha.o
                0x00000504                ISHAReset
 .text.time_pbkdf2_hmac_isha
                0x00000560      0x154 ./source/main.o
 .text.run_tests
                0x000006b4       0x78 ./source/main.o
 .text.main     0x0000072c       0x4c ./source/main.o
                0x0000072c                main
 .text.hmac_isha
                0x00000778      0x128 ./source/pbkdf2.o
                0x00000778                hmac_isha
 .text.F        0x000008a0      0x2e4 ./source/pbkdf2.o
 .text.pbkdf2_hmac_isha
                0x00000b84       0xf4 ./source/pbkdf2.o
                0x00000b84                pbkdf2_hmac_isha
 .text.hexdigit_to_int
                0x00000c78       0x70 ./source/pbkdf2_test.o
 .text.test_isha
                0x00000ce8      0x23c ./source/pbkdf2_test.o
                0x00000ce8                test_isha
 .text.test_hmac_isha
                0x00000f24      0x110 ./source/pbkdf2_test.o
                0x00000f24                test_hmac_isha
 .text.test_pbkdf2_hmac_isha
                0x00001034      0x228 ./source/pbkdf2_test.o
                0x00001034                test_pbkdf2_hmac_isha
 .text.HardFault_Handler
                0x0000125c       0x30 ./source/semihost_hardfault.o
                0x0000125c                HardFault_Handler
 .text.NVIC_EnableIRQ
                0x0000128c       0x2c ./source/ticktime.o
 .text.NVIC_ClearPendingIRQ
                0x000012b8       0x30 ./source/ticktime.o
 .text.NVIC_SetPriority
                0x000012e8       0xdc ./source/ticktime.o
 .text.init_ticktime
                0x000013c4       0x68 ./source/ticktime.o
                0x000013c4                init_ticktime
 .text.SysTick_Handler
                0x0000142c       0x18 ./source/ticktime.o
                0x0000142c                SysTick_Handler
 .text.reset_timer
                0x00001444       0x1c ./source/ticktime.o
                0x00001444                reset_timer
 .text.get_timer
                0x00001460       0x1c ./source/ticktime.o
                0x00001460                get_timer
 .text.CLOCK_SetEr32kClock
                0x0000147c       0x34 ./drivers/fsl_clock.o
 .text.CLOCK_SetPllFllSelClock
                0x000014b0       0x38 ./drivers/fsl_clock.o
 .text.CLOCK_GetMcgExtClkFreq
                0x000014e8       0x28 ./drivers/fsl_clock.o
 .text.CLOCK_GetFllExtRefClkFreq
                0x00001510       0xa8 ./drivers/fsl_clock.o
 .text.CLOCK_GetFllRefClkFreq
                0x000015b8       0x2c ./drivers/fsl_clock.o
 .text.CLOCK_GetOscRangeFromFreq
                0x000015e4       0x4c ./drivers/fsl_clock.o
 .text.CLOCK_GetPllFllSelClkFreq
                0x00001630       0x4c ./drivers/fsl_clock.o
                0x00001630                CLOCK_GetPllFllSelClkFreq
 .text.CLOCK_SetSimConfig
                0x0000167c       0x38 ./drivers/fsl_clock.o
                0x0000167c                CLOCK_SetSimConfig
 .text.CLOCK_GetFllFreq
                0x000016b4       0x84 ./drivers/fsl_clock.o
                0x000016b4                CLOCK_GetFllFreq
 .text.CLOCK_GetPll0Freq
                0x00001738       0x70 ./drivers/fsl_clock.o
                0x00001738                CLOCK_GetPll0Freq
 .text.CLOCK_SetInternalRefClkConfig
                0x000017a8      0x124 ./drivers/fsl_clock.o
                0x000017a8                CLOCK_SetInternalRefClkConfig
 .text.CLOCK_EnablePll0
                0x000018cc       0x94 ./drivers/fsl_clock.o
                0x000018cc                CLOCK_EnablePll0
 .text.CLOCK_InitOsc0
                0x00001960       0x94 ./drivers/fsl_clock.o
                0x00001960                CLOCK_InitOsc0
 .text.CLOCK_SetPbeMode
                0x000019f4       0xb0 ./drivers/fsl_clock.o
                0x000019f4                CLOCK_SetPbeMode
 .text.CLOCK_BootToPeeMode
                0x00001aa4       0x70 ./drivers/fsl_clock.o
                0x00001aa4                CLOCK_BootToPeeMode
 .text.CLOCK_EnableClock
                0x00001b14       0x34 ./drivers/fsl_lpsci.o
 .text.LPSCI_GetInstance
                0x00001b48       0x48 ./drivers/fsl_lpsci.o
                0x00001b48                LPSCI_GetInstance
 .text.LPSCI_Init
                0x00001b90      0x258 ./drivers/fsl_lpsci.o
                0x00001b90                LPSCI_Init
 .text.LPSCI_GetDefaultConfig
                0x00001de8       0x44 ./drivers/fsl_lpsci.o
                0x00001de8                LPSCI_GetDefaultConfig
 .text.LPSCI_ClearStatusFlags
                0x00001e2c       0x94 ./drivers/fsl_lpsci.o
                0x00001e2c                LPSCI_ClearStatusFlags
 .text.LPSCI_WriteBlocking
                0x00001ec0       0x4c ./drivers/fsl_lpsci.o
                0x00001ec0                LPSCI_WriteBlocking
 .text.LPSCI_ReadBlocking
                0x00001f0c       0xc0 ./drivers/fsl_lpsci.o
                0x00001f0c                LPSCI_ReadBlocking
 .text.UART0_DriverIRQHandler
                0x00001fcc       0x24 ./drivers/fsl_lpsci.o
                0x00001fcc                UART0_DriverIRQHandler
 .text.CLOCK_EnableClock
                0x00001ff0       0x34 ./drivers/fsl_uart.o
 .text.UART_GetInstance
                0x00002024       0x54 ./drivers/fsl_uart.o
                0x00002024                UART_GetInstance
 .text.UART_Init
                0x00002078      0x1e0 ./drivers/fsl_uart.o
                0x00002078                UART_Init
 .text.UART_GetDefaultConfig
                0x00002258       0x44 ./drivers/fsl_uart.o
                0x00002258                UART_GetDefaultConfig
 .text.UART_ReadBlocking
                0x0000229c       0x98 ./drivers/fsl_uart.o
                0x0000229c                UART_ReadBlocking
 .text.UART1_DriverIRQHandler
                0x00002334       0x24 ./drivers/fsl_uart.o
                0x00002334                UART1_DriverIRQHandler
 .text.UART2_DriverIRQHandler
                0x00002358       0x24 ./drivers/fsl_uart.o
                0x00002358                UART2_DriverIRQHandler
 .text.CLOCK_SetLpsci0Clock
                0x0000237c       0x38 ./board/board.o
 .text.BOARD_InitDebugConsole
                0x000023b4       0x30 ./board/board.o
                0x000023b4                BOARD_InitDebugConsole
 .text.CLOCK_SetSimSafeDivs
                0x000023e4       0x20 ./board/clock_config.o
 .text.CLOCK_SetXtal0Freq
                0x00002404       0x1c ./board/clock_config.o
 .text.CLOCK_CONFIG_SetFllExtRefDiv
                0x00002420       0x3c ./board/clock_config.o
 .text.BOARD_BootClockRUN
                0x0000245c       0x64 ./board/clock_config.o
                0x0000245c                BOARD_BootClockRUN
 .text.CLOCK_EnableClock
                0x000024c0       0x34 ./board/pin_mux.o
 .text.PORT_SetPinMux
                0x000024f4       0x40 ./board/pin_mux.o
 .text.BOARD_InitPins
                0x00002534       0x4c ./board/pin_mux.o
                0x00002534                BOARD_InitPins
 .text.SystemInit
                0x00002580       0x18 ./CMSIS/system_MKL25Z4.o
                0x00002580                SystemInit
 .text.__assertion_failed
                0x00002598       0x4c e:/sriraj/nxp/ide/plugins/com.nxp.mcuxpresso.tools.win32_11.6.0.202112161359/tools/bin/../lib/gcc/arm-none-eabi/10.3.1/../../../../arm-none-eabi/lib/thumb/v6-m/nofp\libcr_semihost_nf.a(_cr_assert.o)
                0x00002598                __assertion_failed
 .text.__sys_appexit
                0x000025e4        0xc e:/sriraj/nxp/ide/plugins/com.nxp.mcuxpresso.tools.win32_11.6.0.202112161359/tools/bin/../lib/gcc/arm-none-eabi/10.3.1/../../../../arm-none-eabi/lib/thumb/v6-m/nofp\libcr_semihost_nf.a(__sys_appexit.o)
                0x000025e4                __sys_appexit
                0x000025e4                __exit
 .text._deferredlazyseek
                0x000025f0       0x40 e:/sriraj/nxp/ide/plugins/com.nxp.mcuxpresso.tools.win32_11.6.0.202112161359/tools/bin/../lib/gcc/arm-none-eabi/10.3.1/../../../../arm-none-eabi/lib/thumb/v6-m/nofp\libcr_c.a(_deferredlazyseek.o)
                0x000025f0                _deferredlazyseek
 .text.__flsbuf
                0x00002630      0x150 e:/sriraj/nxp/ide/plugins/com.nxp.mcuxpresso.tools.win32_11.6.0.202112161359/tools/bin/../lib/gcc/arm-none-eabi/10.3.1/../../../../arm-none-eabi/lib/thumb/v6-m/nofp\libcr_c.a(_deferredlazyseek.o)
                0x00002630                __flsbuf
 .text._fflush  0x00002780       0x60 e:/sriraj/nxp/ide/plugins/com.nxp.mcuxpresso.tools.win32_11.6.0.202112161359/tools/bin/../lib/gcc/arm-none-eabi/10.3.1/../../../../arm-none-eabi/lib/thumb/v6-m/nofp\libcr_c.a(_fflush.o)
                0x00002780                _fflush
 .text._Cwritebuf
                0x000027e0       0x68 e:/sriraj/nxp/ide/plugins/com.nxp.mcuxpresso.tools.win32_11.6.0.202112161359/tools/bin/../lib/gcc/arm-none-eabi/10.3.1/../../../../arm-none-eabi/lib/thumb/v6-m/nofp\libcr_c.a(_writebuf.o)
                0x000027e0                _Cwritebuf
 .text.malloc   0x00002848       0xcc e:/sriraj/nxp/ide/plugins/com.nxp.mcuxpresso.tools.win32_11.6.0.202112161359/tools/bin/../lib/gcc/arm-none-eabi/10.3.1/../../../../arm-none-eabi/lib/thumb/v6-m/nofp\libcr_c.a(alloc.o)
                0x00002848                malloc
 .text._Csys_alloc
                0x00002914       0x20 e:/sriraj/nxp/ide/plugins/com.nxp.mcuxpresso.tools.win32_11.6.0.202112161359/tools/bin/../lib/gcc/arm-none-eabi/10.3.1/../../../../arm-none-eabi/lib/thumb/v6-m/nofp\libcr_c.a(alloc.o)
                0x00002914                _Csys_alloc
 .text.fseek    0x00002934       0xf0 e:/sriraj/nxp/ide/plugins/com.nxp.mcuxpresso.tools.win32_11.6.0.202112161359/tools/bin/../lib/gcc/arm-none-eabi/10.3.1/../../../../arm-none-eabi/lib/thumb/v6-m/nofp\libcr_c.a(fseek.o)
                0x00002934                fseek
 .text.ftell    0x00002a24       0x48 e:/sriraj/nxp/ide/plugins/com.nxp.mcuxpresso.tools.win32_11.6.0.202112161359/tools/bin/../lib/gcc/arm-none-eabi/10.3.1/../../../../arm-none-eabi/lib/thumb/v6-m/nofp\libcr_c.a(ftell.o)
                0x00002a24                ftell
 .text._initio  0x00002a6c       0x7c e:/sriraj/nxp/ide/plugins/com.nxp.mcuxpresso.tools.win32_11.6.0.202112161359/tools/bin/../lib/gcc/arm-none-eabi/10.3.1/../../../../arm-none-eabi/lib/thumb/v6-m/nofp\libcr_c.a(initio.o)
                0x00002a6c                _initio
 .text._terminateio
                0x00002ae8       0x50 e:/sriraj/nxp/ide/plugins/com.nxp.mcuxpresso.tools.win32_11.6.0.202112161359/tools/bin/../lib/gcc/arm-none-eabi/10.3.1/../../../../arm-none-eabi/lib/thumb/v6-m/nofp\libcr_c.a(initio.o)
                0x00002ae8                _terminateio
 .text.__vfprintf
                0x00002b38      0xd40 e:/sriraj/nxp/ide/plugins/com.nxp.mcuxpresso.tools.win32_11.6.0.202112161359/tools/bin/../lib/gcc/arm-none-eabi/10.3.1/../../../../arm-none-eabi/lib/thumb/v6-m/nofp\libcr_c.a(printf.o)
                0x00002b38                __vfprintf
 .text._vsnprintf
                0x00003878       0x70 e:/sriraj/nxp/ide/plugins/com.nxp.mcuxpresso.tools.win32_11.6.0.202112161359/tools/bin/../lib/gcc/arm-none-eabi/10.3.1/../../../../arm-none-eabi/lib/thumb/v6-m/nofp\libcr_c.a(printf.o)
                0x00003878                _vsnprintf
 .text._printf  0x000038e8       0x50 e:/sriraj/nxp/ide/plugins/com.nxp.mcuxpresso.tools.win32_11.6.0.202112161359/tools/bin/../lib/gcc/arm-none-eabi/10.3.1/../../../../arm-none-eabi/lib/thumb/v6-m/nofp\libcr_c.a(printf.o)
                0x000038e8                _printf
 .text.setvbuf  0x00003938       0x4c e:/sriraj/nxp/ide/plugins/com.nxp.mcuxpresso.tools.win32_11.6.0.202112161359/tools/bin/../lib/gcc/arm-none-eabi/10.3.1/../../../../arm-none-eabi/lib/thumb/v6-m/nofp\libcr_c.a(setvbuf.o)
                0x00003938                setvbuf
 .text.exit     0x00003984       0x2c e:/sriraj/nxp/ide/plugins/com.nxp.mcuxpresso.tools.win32_11.6.0.202112161359/tools/bin/../lib/gcc/arm-none-eabi/10.3.1/../../../../arm-none-eabi/lib/thumb/v6-m/nofp\libcr_c.a(stdlib.o)
                0x00003984                exit
 .text.strlen   0x000039b0       0x58 e:/sriraj/nxp/ide/plugins/com.nxp.mcuxpresso.tools.win32_11.6.0.202112161359/tools/bin/../lib/gcc/arm-none-eabi/10.3.1/../../../../arm-none-eabi/lib/thumb/v6-m/nofp\libcr_c.a(strlen.o)
                0x000039b0                strlen
 .text._sbrk    0x00003a08       0x44 e:/sriraj/nxp/ide/plugins/com.nxp.mcuxpresso.tools.win32_11.6.0.202112161359/tools/bin/../lib/gcc/arm-none-eabi/10.3.1/../../../../arm-none-eabi/lib/thumb/v6-m/nofp\libcr_c.a(_cr_sbrk.o)
                0x00003a08                _sbrk
 .text._fdopen  0x00003a4c       0x74 e:/sriraj/nxp/ide/plugins/com.nxp.mcuxpresso.tools.win32_11.6.0.202112161359/tools/bin/../lib/gcc/arm-none-eabi/10.3.1/../../../../arm-none-eabi/lib/thumb/v6-m/nofp\libcr_c.a(_fdopen.o)
                0x00003a4c                _fdopen
 .text.fclose   0x00003ac0       0x5c e:/sriraj/nxp/ide/plugins/com.nxp.mcuxpresso.tools.win32_11.6.0.202112161359/tools/bin/../lib/gcc/arm-none-eabi/10.3.1/../../../../arm-none-eabi/lib/thumb/v6-m/nofp\libcr_c.a(fclose.o)
                0x00003ac0                fclose
 .text.fflush   0x00003b1c       0x44 e:/sriraj/nxp/ide/plugins/com.nxp.mcuxpresso.tools.win32_11.6.0.202112161359/tools/bin/../lib/gcc/arm-none-eabi/10.3.1/../../../../arm-none-eabi/lib/thumb/v6-m/nofp\libcr_c.a(fflush.o)
                0x00003b1c                fflush
 .text.__check_heap_overflow
                0x00003b60       0x18 e:/sriraj/nxp/ide/plugins/com.nxp.mcuxpresso.tools.win32_11.6.0.202112161359/tools/bin/../lib/gcc/arm-none-eabi/10.3.1/../../../../arm-none-eabi/lib/thumb/v6-m/nofp\libcr_c.a(_cr_check_heap.o)
                0x00003b60                __check_heap_overflow
 .text._do_fflush
                0x00003b78       0x48 e:/sriraj/nxp/ide/plugins/com.nxp.mcuxpresso.tools.win32_11.6.0.202112161359/tools/bin/../lib/gcc/arm-none-eabi/10.3.1/../../../../arm-none-eabi/lib/thumb/v6-m/nofp\libcr_c.a(_do_fflush.o)
                0x00003b78                _do_fflush
 .text.UART_EnableTx
                0x00003bc0       0x40 ./utilities/fsl_debug_console.o
 .text.UART_EnableRx
                0x00003c00       0x40 ./utilities/fsl_debug_console.o
 .text.LPSCI_EnableTx
                0x00003c40       0x40 ./utilities/fsl_debug_console.o
 .text.LPSCI_EnableRx
                0x00003c80       0x40 ./utilities/fsl_debug_console.o
 .text          0x00003cc0       0xbc ./source/assemblyprocessmsgblk.o
                0x00003cc0                ISHAProcessMessageBlock
 .text.ISHAPadMessage
                0x00003d7c      0x100 ./source/isha.o
 .text.ISHAResult
                0x00003e7c       0x5c ./source/isha.o
                0x00003e7c                ISHAResult
 .text.ISHAInput
                0x00003ed8       0x60 ./source/isha.o
                0x00003ed8                ISHAInput
 .text.cmp_bin  0x00003f38       0x42 ./source/pbkdf2_test.o
                0x00003f38                cmp_bin
 .text.hexstr_to_bytes
                0x00003f7a       0x64 ./source/pbkdf2_test.o
                0x00003f7a                hexstr_to_bytes
 .text.OSC_SetExtRefClkConfig
                0x00003fde       0x3e ./drivers/fsl_clock.o
 .text.OSC_SetCapLoad
                0x0000401c       0x42 ./drivers/fsl_clock.o
 .text.CLOCK_GetPll0RefFreq
                0x0000405e       0x10 ./drivers/fsl_clock.o
 .text.CLOCK_SetExternalRefClkConfig
                0x0000406e       0x16 ./drivers/fsl_clock.o
                0x0000406e                CLOCK_SetExternalRefClkConfig
 .text.LPSCI_GetStatusFlags
                0x00004084       0x26 ./drivers/fsl_lpsci.o
                0x00004084                LPSCI_GetStatusFlags
 .text.UART_GetStatusFlags
                0x000040aa       0x26 ./drivers/fsl_uart.o
                0x000040aa                UART_GetStatusFlags
 .text.UART_WriteBlocking
                0x000040d0       0x3c ./drivers/fsl_uart.o
                0x000040d0                UART_WriteBlocking
 .text.BOARD_InitBootClocks
                0x0000410c        0xe ./board/clock_config.o
                0x0000410c                BOARD_InitBootClocks
 .text.BOARD_InitBootPeripherals
                0x0000411a        0xa ./board/peripherals.o
                0x0000411a                BOARD_InitBootPeripherals
 .text.BOARD_InitBootPins
                0x00004124        0xe ./board/pin_mux.o
                0x00004124                BOARD_InitBootPins
 .text.__main   0x00004132        0xc e:/sriraj/nxp/ide/plugins/com.nxp.mcuxpresso.tools.win32_11.6.0.202112161359/tools/bin/../lib/gcc/arm-none-eabi/10.3.1/../../../../arm-none-eabi/lib/thumb/v6-m/nofp\libcr_semihost_nf.a(_cr__main.o)
                0x00004132                __CR_SEMIHOST
                0x00004132                __main
 .text.memcpy   0x0000413e        0x8 e:/sriraj/nxp/ide/plugins/com.nxp.mcuxpresso.tools.win32_11.6.0.202112161359/tools/bin/../lib/gcc/arm-none-eabi/10.3.1/../../../../arm-none-eabi/lib/thumb/v6-m/nofp\libcr_c.a(memcpy.o)
                0x0000413e                memcpy
 .text.memset   0x00004146        0x8 e:/sriraj/nxp/ide/plugins/com.nxp.mcuxpresso.tools.win32_11.6.0.202112161359/tools/bin/../lib/gcc/arm-none-eabi/10.3.1/../../../../arm-none-eabi/lib/thumb/v6-m/nofp\libcr_c.a(memset.o)
                0x00004146                memset
 .text.free     0x0000414e       0x2c e:/sriraj/nxp/ide/plugins/com.nxp.mcuxpresso.tools.win32_11.6.0.202112161359/tools/bin/../lib/gcc/arm-none-eabi/10.3.1/../../../../arm-none-eabi/lib/thumb/v6-m/nofp\libcr_c.a(alloc.o)
                0x0000414e                free
 .text.fputs    0x0000417a       0x2e e:/sriraj/nxp/ide/plugins/com.nxp.mcuxpresso.tools.win32_11.6.0.202112161359/tools/bin/../lib/gcc/arm-none-eabi/10.3.1/../../../../arm-none-eabi/lib/thumb/v6-m/nofp\libcr_c.a(fputs.o)
                0x0000417a                fputs
 .text.no_fp_display
                0x000041a8        0x4 e:/sriraj/nxp/ide/plugins/com.nxp.mcuxpresso.tools.win32_11.6.0.202112161359/tools/bin/../lib/gcc/arm-none-eabi/10.3.1/../../../../arm-none-eabi/lib/thumb/v6-m/nofp\libcr_c.a(printf.o)
 .text.remove   0x000041ac       0x12 e:/sriraj/nxp/ide/plugins/com.nxp.mcuxpresso.tools.win32_11.6.0.202112161359/tools/bin/../lib/gcc/arm-none-eabi/10.3.1/../../../../arm-none-eabi/lib/thumb/v6-m/nofp\libcr_c.a(remove.o)
                0x000041ac                remove
 .text.__aeabi_division_idivmod
                0x000041be       0x78 e:/sriraj/nxp/ide/plugins/com.nxp.mcuxpresso.tools.win32_11.6.0.202112161359/tools/bin/../lib/gcc/arm-none-eabi/10.3.1/thumb/v6-m/nofp\libcr_eabihelpers.a(division_32.o)
                0x000041be                __aeabi_idivmod
                0x000041be                __aeabi_idiv
                0x000041c4                __aeabi_uidivmod
                0x000041c4                __aeabi_uidiv
 .text.__aeabi_division_idiv0
                0x00004236        0x2 e:/sriraj/nxp/ide/plugins/com.nxp.mcuxpresso.tools.win32_11.6.0.202112161359/tools/bin/../lib/gcc/arm-none-eabi/10.3.1/thumb/v6-m/nofp\libcr_eabihelpers.a(division_idiv0.o)
                0x00004236                __aeabi_idiv0
 .text.__aeabi_llong_lmul
                0x00004238       0x2e e:/sriraj/nxp/ide/plugins/com.nxp.mcuxpresso.tools.win32_11.6.0.202112161359/tools/bin/../lib/gcc/arm-none-eabi/10.3.1/thumb/v6-m/nofp\libcr_eabihelpers.a(llong.o)
                0x00004238                __aeabi_lmul
 .text.__aeabi_memcpy
                0x00004266       0x2c e:/sriraj/nxp/ide/plugins/com.nxp.mcuxpresso.tools.win32_11.6.0.202112161359/tools/bin/../lib/gcc/arm-none-eabi/10.3.1/thumb/v6-m/nofp\libcr_eabihelpers.a(memcpy.o)
                0x00004266                __aeabi_memcpy4
                0x00004266                __aeabi_memcpy8
                0x00004266                __aeabi_memcpy
 .text.__aeabi_memset_lowlevel
                0x00004292       0x2a e:/sriraj/nxp/ide/plugins/com.nxp.mcuxpresso.tools.win32_11.6.0.202112161359/tools/bin/../lib/gcc/arm-none-eabi/10.3.1/thumb/v6-m/nofp\libcr_eabihelpers.a(memcpy.o)
                0x00004292                __aeabi_lowlevel_memset
 .text.__gnu_thumb1_case_shi
                0x000042bc       0x10 e:/sriraj/nxp/ide/plugins/com.nxp.mcuxpresso.tools.win32_11.6.0.202112161359/tools/bin/../lib/gcc/arm-none-eabi/10.3.1/thumb/v6-m/nofp\libcr_eabihelpers.a(thumb1_switch_helpers.o)
                0x000042bc                __gnu_thumb1_case_shi
 .text.__sys_close
                0x000042cc        0xc e:/sriraj/nxp/ide/plugins/com.nxp.mcuxpresso.tools.win32_11.6.0.202112161359/tools/bin/../lib/gcc/arm-none-eabi/10.3.1/../../../../arm-none-eabi/lib/thumb/v6-m/nofp\libcr_semihost_nf.a(__sys_close.o)
                0x000042cc                __sys_close
 .text.__sys_flen
                0x000042d8        0xc e:/sriraj/nxp/ide/plugins/com.nxp.mcuxpresso.tools.win32_11.6.0.202112161359/tools/bin/../lib/gcc/arm-none-eabi/10.3.1/../../../../arm-none-eabi/lib/thumb/v6-m/nofp\libcr_semihost_nf.a(__sys_flen.o)
                0x000042d8                __sys_flen
 .text.__sys_istty
                0x000042e4        0xc e:/sriraj/nxp/ide/plugins/com.nxp.mcuxpresso.tools.win32_11.6.0.202112161359/tools/bin/../lib/gcc/arm-none-eabi/10.3.1/../../../../arm-none-eabi/lib/thumb/v6-m/nofp\libcr_semihost_nf.a(__sys_istty.o)
                0x000042e4                __sys_istty
 .text.__sys_remove
                0x000042f0        0xc e:/sriraj/nxp/ide/plugins/com.nxp.mcuxpresso.tools.win32_11.6.0.202112161359/tools/bin/../lib/gcc/arm-none-eabi/10.3.1/../../../../arm-none-eabi/lib/thumb/v6-m/nofp\libcr_semihost_nf.a(__sys_remove.o)
                0x000042f0                __sys_remove
 .text.__sys_seek
                0x000042fc        0xc e:/sriraj/nxp/ide/plugins/com.nxp.mcuxpresso.tools.win32_11.6.0.202112161359/tools/bin/../lib/gcc/arm-none-eabi/10.3.1/../../../../arm-none-eabi/lib/thumb/v6-m/nofp\libcr_semihost_nf.a(__sys_seek.o)
                0x000042fc                __sys_seek
 .text.__sys_tmpnam
                0x00004308        0xc e:/sriraj/nxp/ide/plugins/com.nxp.mcuxpresso.tools.win32_11.6.0.202112161359/tools/bin/../lib/gcc/arm-none-eabi/10.3.1/../../../../arm-none-eabi/lib/thumb/v6-m/nofp\libcr_semihost_nf.a(__sys_tmpnam.o)
                0x00004308                __sys_tmpnam
 .text.__sys_write
                0x00004314        0xc e:/sriraj/nxp/ide/plugins/com.nxp.mcuxpresso.tools.win32_11.6.0.202112161359/tools/bin/../lib/gcc/arm-none-eabi/10.3.1/../../../../arm-none-eabi/lib/thumb/v6-m/nofp\libcr_semihost_nf.a(__sys_write.o)
                0x00004314                __sys_write
 *(SORT_BY_ALIGNMENT(.rodata) SORT_BY_ALIGNMENT(.rodata.*) SORT_BY_ALIGNMENT(.constdata) SORT_BY_ALIGNMENT(.constdata.*))
 .rodata.time_pbkdf2_hmac_isha.str1.4
                0x00004320       0xe0 ./source/main.o
 .rodata.run_tests.str1.4
                0x00004400       0x22 ./source/main.o
 *fill*         0x00004422        0x2 ff
 .rodata.main.str1.4
                0x00004424       0x49 ./source/main.o
 *fill*         0x0000446d        0x3 ff
 .rodata.__FUNCTION__.0
                0x00004470       0x16 ./source/main.o
 *fill*         0x00004486        0x2 ff
 .rodata.F.str1.4
                0x00004488       0x30 ./source/pbkdf2.o
 .rodata.pbkdf2_hmac_isha.str1.4
                0x000044b8       0x2b ./source/pbkdf2.o
 *fill*         0x000044e3        0x1 ff
 .rodata.str1.4
                0x000044e4      0x7c1 ./source/pbkdf2_test.o
                                0x7d5 (size before relaxing)
 *fill*         0x00004ca5        0x3 ff
 .rodata.hexdigit_to_int.str1.4
                0x00004ca8       0x15 ./source/pbkdf2_test.o
 *fill*         0x00004cbd        0x3 ff
 .rodata.test_isha.str1.4
                0x00004cc0       0x2e ./source/pbkdf2_test.o
 *fill*         0x00004cee        0x2 ff
 .rodata        0x00004cf0      0x120 ./source/pbkdf2_test.o
 .rodata.test_pbkdf2_hmac_isha.str1.4
                0x00004e10       0x3a ./source/pbkdf2_test.o
 *fill*         0x00004e4a        0x2 ff
 .rodata.__FUNCTION__.2
                0x00004e4c        0xa ./source/pbkdf2_test.o
 *fill*         0x00004e56        0x2 ff
 .rodata.__FUNCTION__.1
                0x00004e58        0xf ./source/pbkdf2_test.o
 *fill*         0x00004e67        0x1 ff
 .rodata.__FUNCTION__.0
                0x00004e68       0x16 ./source/pbkdf2_test.o
 *fill*         0x00004e7e        0x2 ff
 .rodata.CLOCK_GetMcgExtClkFreq.str1.4
                0x00004e80       0x1e ./drivers/fsl_clock.o
 *fill*         0x00004e9e        0x2 ff
 .rodata.CLOCK_GetPll0Freq.str1.4
                0x00004ea0       0x1d ./drivers/fsl_clock.o
 *fill*         0x00004ebd        0x3 ff
 .rodata.CLOCK_EnablePll0.str1.4
                0x00004ec0       0x19 ./drivers/fsl_clock.o
 *fill*         0x00004ed9        0x3 ff
 .rodata.CLOCK_SetPbeMode.str1.4
                0x00004edc       0x1a ./drivers/fsl_clock.o
 *fill*         0x00004ef6        0x2 ff
 .rodata.CLOCK_BootToPeeMode.str1.4
                0x00004ef8       0x1a ./drivers/fsl_clock.o
 *fill*         0x00004f12        0x2 ff
 .rodata.fllFactorTable.1
                0x00004f14       0x10 ./drivers/fsl_clock.o
 .rodata.LPSCI_GetInstance.str1.4
                0x00004f24       0x36 ./drivers/fsl_lpsci.o
 *fill*         0x00004f5a        0x2 ff
 .rodata.LPSCI_Init.str1.4
                0x00004f5c       0x43 ./drivers/fsl_lpsci.o
 *fill*         0x00004f9f        0x1 ff
 .rodata.LPSCI_GetDefaultConfig.str1.4
                0x00004fa0       0x19 ./drivers/fsl_lpsci.o
 *fill*         0x00004fb9        0x3 ff
 .rodata.LPSCI_WriteBlocking.str1.4
                0x00004fbc       0x17 ./drivers/fsl_lpsci.o
 *fill*         0x00004fd3        0x1 ff
 .rodata.LPSCI_ReadBlocking.str1.4
                0x00004fd4       0x17 ./drivers/fsl_lpsci.o
 *fill*         0x00004feb        0x1 ff
 .rodata.s_uartBases
                0x00004fec        0xc ./drivers/fsl_uart.o
 .rodata.s_uartClock
                0x00004ff8        0xc ./drivers/fsl_uart.o
 .rodata.UART_GetInstance.str1.4
                0x00005004       0x2b ./drivers/fsl_uart.o
 *fill*         0x0000502f        0x1 ff
 .rodata.UART_Init.str1.4
                0x00005030       0x3e ./drivers/fsl_uart.o
 *fill*         0x0000506e        0x2 ff
 .rodata.UART_GetDefaultConfig.str1.4
                0x00005070       0x18 ./drivers/fsl_uart.o
 .rodata.UART_ReadBlocking.str1.4
                0x00005088       0x16 ./drivers/fsl_uart.o
 *fill*         0x0000509e        0x2 ff
 .rodata.mcgConfig_BOARD_BootClockRUN
                0x000050a0        0xa ./board/clock_config.o
                0x000050a0                mcgConfig_BOARD_BootClockRUN
 *fill*         0x000050aa        0x2 ff
 .rodata.simConfig_BOARD_BootClockRUN
                0x000050ac        0x8 ./board/clock_config.o
                0x000050ac                simConfig_BOARD_BootClockRUN
 .rodata.oscConfig_BOARD_BootClockRUN
                0x000050b4        0x8 ./board/clock_config.o
                0x000050b4                oscConfig_BOARD_BootClockRUN
 .rodata.__num_Ciob_streams
                0x000050bc        0x4 e:/sriraj/nxp/ide/plugins/com.nxp.mcuxpresso.tools.win32_11.6.0.202112161359/tools/bin/../lib/gcc/arm-none-eabi/10.3.1/../../../../arm-none-eabi/lib/thumb/v6-m/nofp\libcr_semihost_nf.a(__ciob.o)
                0x000050bc                __num_Ciob_streams
 .rodata.__assertion_failed.str1.1
                0x000050c0       0x15 e:/sriraj/nxp/ide/plugins/com.nxp.mcuxpresso.tools.win32_11.6.0.202112161359/tools/bin/../lib/gcc/arm-none-eabi/10.3.1/../../../../arm-none-eabi/lib/thumb/v6-m/nofp\libcr_semihost_nf.a(_cr_assert.o)
 .rodata._Csys_alloc.str1.1
                0x000050d5       0x18 e:/sriraj/nxp/ide/plugins/com.nxp.mcuxpresso.tools.win32_11.6.0.202112161359/tools/bin/../lib/gcc/arm-none-eabi/10.3.1/../../../../arm-none-eabi/lib/thumb/v6-m/nofp\libcr_c.a(alloc.o)
 .rodata._initio.str1.1
                0x000050ed        0x4 e:/sriraj/nxp/ide/plugins/com.nxp.mcuxpresso.tools.win32_11.6.0.202112161359/tools/bin/../lib/gcc/arm-none-eabi/10.3.1/../../../../arm-none-eabi/lib/thumb/v6-m/nofp\libcr_c.a(initio.o)
 .rodata.__vfprintf.str1.1
                0x000050f1       0x35 e:/sriraj/nxp/ide/plugins/com.nxp.mcuxpresso.tools.win32_11.6.0.202112161359/tools/bin/../lib/gcc/arm-none-eabi/10.3.1/../../../../arm-none-eabi/lib/thumb/v6-m/nofp\libcr_c.a(printf.o)
                                 0x38 (size before relaxing)
                0x00005128                . = ALIGN (0x4)
 *fill*         0x00005126        0x2 ff
                0x00005128                _etext = .

.glue_7         0x00005128        0x0
 .glue_7        0x00005128        0x0 linker stubs

.glue_7t        0x00005128        0x0
 .glue_7t       0x00005128        0x0 linker stubs

.vfp11_veneer   0x00005128        0x0
 .vfp11_veneer  0x00005128        0x0 linker stubs

.v4_bx          0x00005128        0x0
 .v4_bx         0x00005128        0x0 linker stubs

.iplt           0x00005128        0x0
 .iplt          0x00005128        0x0 ./utilities/fsl_debug_console.o

.rel.dyn        0x00005128        0x0
 .rel.iplt      0x00005128        0x0 ./utilities/fsl_debug_console.o

.m_usb_data
 *(SORT_BY_ALIGNMENT(m_usb_bdt))

.mtb_buffer_default
                0x1ffff000       0x80
 *(SORT_BY_ALIGNMENT(.mtb*))
 .mtb.$RAM1     0x1ffff000       0x80 ./source/mtb.o
                0x1ffff000                __mtb_buffer__

.uninit_RESERVED
                0x1ffff080        0x0
                0x1ffff080                _start_uninit_RESERVED = .
 *(SORT_BY_ALIGNMENT(.bss.$RESERVED*))
                0x1ffff080                . = ALIGN (0x4)
                0x1ffff080                _end_uninit_RESERVED = .

.data           0x1ffff080        0x8 load address 0x00005128
 FILL mask 0xff
                0x1ffff080                _data = .
                [!provide]                PROVIDE (__start_data_RAM = .)
                [!provide]                PROVIDE (__start_data_SRAM = .)
 *(SORT_BY_ALIGNMENT(vtable))
 *(SORT_BY_ALIGNMENT(.ramfunc*))
 *(SORT_BY_ALIGNMENT(CodeQuickAccess))
 *(SORT_BY_ALIGNMENT(DataQuickAccess))
 *(SORT_BY_ALIGNMENT(RamFunction))
 *(SORT_BY_ALIGNMENT(.data*))
 .data.s_slowIrcFreq
                0x1ffff080        0x4 ./drivers/fsl_clock.o
 .data.SystemCoreClock
                0x1ffff084        0x4 ./CMSIS/system_MKL25Z4.o
                0x1ffff084                SystemCoreClock
                0x1ffff088                . = ALIGN (0x4)
                0x1ffff088                _edata = .
                [!provide]                PROVIDE (__end_data_RAM = .)
                [!provide]                PROVIDE (__end_data_SRAM = .)

.igot.plt       0x1ffff088        0x0 load address 0x00005130
 .igot.plt      0x1ffff088        0x0 ./utilities/fsl_debug_console.o

.bss            0x1ffff088      0x2c8
                0x1ffff088                _bss = .
                [!provide]                PROVIDE (__start_bss_RAM = .)
                [!provide]                PROVIDE (__start_bss_SRAM = .)
 *(SORT_BY_ALIGNMENT(.bss*))
 .bss.s_debugConsole
                0x1ffff088       0x10 ./utilities/fsl_debug_console.o
 .bss.ipad.3    0x1ffff098       0x40 ./source/pbkdf2.o
 .bss.opad.2    0x1ffff0d8       0x40 ./source/pbkdf2.o
 .bss.innerpad.1
                0x1ffff118       0x64 ./source/pbkdf2.o
 .bss.outerpad.0
                0x1ffff17c       0x64 ./source/pbkdf2.o
 .bss.g_now     0x1ffff1e0        0x4 ./source/ticktime.o
 .bss.g_timer   0x1ffff1e4        0x4 ./source/ticktime.o
 .bss.g_xtal0Freq
                0x1ffff1e8        0x4 ./drivers/fsl_clock.o
                0x1ffff1e8                g_xtal0Freq
 .bss.s_lpsciHandle
                0x1ffff1ec        0x4 ./drivers/fsl_lpsci.o
 .bss.s_lpsciIsr
                0x1ffff1f0        0x4 ./drivers/fsl_lpsci.o
 .bss.s_uartHandle
                0x1ffff1f4        0xc ./drivers/fsl_uart.o
 .bss.s_uartIsr
                0x1ffff200        0x4 ./drivers/fsl_uart.o
 .bss.__Ciob    0x1ffff204       0xb4 e:/sriraj/nxp/ide/plugins/com.nxp.mcuxpresso.tools.win32_11.6.0.202112161359/tools/bin/../lib/gcc/arm-none-eabi/10.3.1/../../../../arm-none-eabi/lib/thumb/v6-m/nofp\libcr_semihost_nf.a(__ciob.o)
                0x1ffff204                __Ciob
 .bss._exitvector
                0x1ffff2b8       0x84 e:/sriraj/nxp/ide/plugins/com.nxp.mcuxpresso.tools.win32_11.6.0.202112161359/tools/bin/../lib/gcc/arm-none-eabi/10.3.1/../../../../arm-none-eabi/lib/thumb/v6-m/nofp\libcr_c.a(stdlib.o)
                0x1ffff2b8                _exitvector
 .bss._number_of_exit_functions
                0x1ffff33c        0x4 e:/sriraj/nxp/ide/plugins/com.nxp.mcuxpresso.tools.win32_11.6.0.202112161359/tools/bin/../lib/gcc/arm-none-eabi/10.3.1/../../../../arm-none-eabi/lib/thumb/v6-m/nofp\libcr_c.a(stdlib.o)
                0x1ffff33c                _number_of_exit_functions
 .bss.__end_of_heap
                0x1ffff340        0x4 e:/sriraj/nxp/ide/plugins/com.nxp.mcuxpresso.tools.win32_11.6.0.202112161359/tools/bin/../lib/gcc/arm-none-eabi/10.3.1/../../../../arm-none-eabi/lib/thumb/v6-m/nofp\libcr_c.a(__init_alloc.o)
                0x1ffff340                __end_of_heap
 .bss.__heaps   0x1ffff344        0x4 e:/sriraj/nxp/ide/plugins/com.nxp.mcuxpresso.tools.win32_11.6.0.202112161359/tools/bin/../lib/gcc/arm-none-eabi/10.3.1/../../../../arm-none-eabi/lib/thumb/v6-m/nofp\libcr_c.a(__init_alloc.o)
                0x1ffff344                __heaps
 .bss.errno     0x1ffff348        0x4 e:/sriraj/nxp/ide/plugins/com.nxp.mcuxpresso.tools.win32_11.6.0.202112161359/tools/bin/../lib/gcc/arm-none-eabi/10.3.1/../../../../arm-none-eabi/lib/thumb/v6-m/nofp\libcr_c.a(errno.o)
                0x1ffff348                errno
 .bss.flag      0x1ffff34c        0x1 ./source/pbkdf2.o
                0x1ffff34c                flag
 *(SORT_BY_ALIGNMENT(COMMON))
                0x1ffff350                . = ALIGN (0x4)
 *fill*         0x1ffff34d        0x3 
                0x1ffff350                _ebss = .
                [!provide]                PROVIDE (__end_bss_RAM = .)
                [!provide]                PROVIDE (__end_bss_SRAM = .)
                [!provide]                PROVIDE (end = .)

.noinit         0x1ffff350        0x0
                0x1ffff350                _noinit = .
                [!provide]                PROVIDE (__start_noinit_RAM = .)
                [!provide]                PROVIDE (__start_noinit_SRAM = .)
 *(SORT_BY_ALIGNMENT(.noinit*))
                0x1ffff350                . = ALIGN (0x4)
                0x1ffff350                _end_noinit = .
                [!provide]                PROVIDE (__end_noinit_RAM = .)
                [!provide]                PROVIDE (__end_noinit_SRAM = .)

.ARM.extab
 *(SORT_BY_ALIGNMENT(.ARM.extab*) SORT_BY_ALIGNMENT(.gnu.linkonce.armextab.*))

.ARM.exidx      0x00005130        0x0
                0x00005130                __exidx_start = .
 *(SORT_BY_ALIGNMENT(.ARM.exidx*) SORT_BY_ALIGNMENT(.gnu.linkonce.armexidx.*))
                0x00005130                __exidx_end = .
                0x00000400                _HeapSize = 0x400

.heap           0x1ffff350      0x400
                0x1ffff350                _pvHeapStart = .
                0x1ffff750                . = (. + _HeapSize)
 *fill*         0x1ffff350      0x400 
                0x1ffff750                . = ALIGN (0x4)
                0x1ffff750                _pvHeapLimit = .
                0x00000400                _StackSize = 0x400

.heap2stackfill
                0x1ffff750      0x400
                0x1ffffb50                . = (. + _StackSize)
 *fill*         0x1ffff750      0x400 

.stack          0x20002c00        0x0
                0x20002c00                _vStackBase = .
                0x20002c00                . = ALIGN (0x4)
                0x20003000                _vStackTop = (. + _StackSize)
                0x00000000                _image_start = LOADADDR (.text)
                0x00005130                _image_end = (LOADADDR (.data) + SIZEOF (.data))
                0x00005130                _image_size = (_image_end - _image_start)
OUTPUT(PBKnew.axf elf32-littlearm)
LOAD linker stubs

.debug_info     0x00000000     0x7a42
 .debug_info    0x00000000      0x84f ./utilities/fsl_debug_console.o
 .debug_info    0x0000084f      0x4eb ./startup/startup_mkl25z4.o
 .debug_info    0x00000d3a       0x26 ./source/assemblyprocessmsgblk.o
 .debug_info    0x00000d60      0x215 ./source/isha.o
 .debug_info    0x00000f75      0x1e0 ./source/main.o
 .debug_info    0x00001155       0x53 ./source/mtb.o
 .debug_info    0x000011a8      0x3ed ./source/pbkdf2.o
 .debug_info    0x00001595      0x5e1 ./source/pbkdf2_test.o
 .debug_info    0x00001b76       0x3c ./source/semihost_hardfault.o
 .debug_info    0x00001bb2      0x4a0 ./source/ticktime.o
 .debug_info    0x00002052     0x1a5a ./drivers/fsl_clock.o
 .debug_info    0x00003aac     0x140d ./drivers/fsl_lpsci.o
 .debug_info    0x00004eb9     0x13ae ./drivers/fsl_uart.o
 .debug_info    0x00006267      0x39b ./board/board.o
 .debug_info    0x00006602      0xabc ./board/clock_config.o
 .debug_info    0x000070be       0x3c ./board/peripherals.o
 .debug_info    0x000070fa      0x547 ./board/pin_mux.o
 .debug_info    0x00007641      0x401 ./CMSIS/system_MKL25Z4.o

.debug_abbrev   0x00000000     0x196d
 .debug_abbrev  0x00000000      0x1d7 ./utilities/fsl_debug_console.o
 .debug_abbrev  0x000001d7      0x198 ./startup/startup_mkl25z4.o
 .debug_abbrev  0x0000036f       0x14 ./source/assemblyprocessmsgblk.o
 .debug_abbrev  0x00000383      0x12c ./source/isha.o
 .debug_abbrev  0x000004af       0xb9 ./source/main.o
 .debug_abbrev  0x00000568       0x46 ./source/mtb.o
 .debug_abbrev  0x000005ae      0x148 ./source/pbkdf2.o
 .debug_abbrev  0x000006f6      0x16f ./source/pbkdf2_test.o
 .debug_abbrev  0x00000865       0x31 ./source/semihost_hardfault.o
 .debug_abbrev  0x00000896      0x1b4 ./source/ticktime.o
 .debug_abbrev  0x00000a4a      0x357 ./drivers/fsl_clock.o
 .debug_abbrev  0x00000da1      0x2d7 ./drivers/fsl_lpsci.o
 .debug_abbrev  0x00001078      0x2f1 ./drivers/fsl_uart.o
 .debug_abbrev  0x00001369      0x11b ./board/board.o
 .debug_abbrev  0x00001484      0x201 ./board/clock_config.o
 .debug_abbrev  0x00001685       0x31 ./board/peripherals.o
 .debug_abbrev  0x000016b6      0x189 ./board/pin_mux.o
 .debug_abbrev  0x0000183f      0x12e ./CMSIS/system_MKL25Z4.o

.debug_aranges  0x00000000      0x858
 .debug_aranges
                0x00000000       0x48 ./utilities/fsl_debug_console.o
 .debug_aranges
                0x00000048      0x160 ./startup/startup_mkl25z4.o
 .debug_aranges
                0x000001a8       0x20 ./source/assemblyprocessmsgblk.o
 .debug_aranges
                0x000001c8       0x38 ./source/isha.o
 .debug_aranges
                0x00000200       0x30 ./source/main.o
 .debug_aranges
                0x00000230       0x18 ./source/mtb.o
 .debug_aranges
                0x00000248       0x30 ./source/pbkdf2.o
 .debug_aranges
                0x00000278       0x48 ./source/pbkdf2_test.o
 .debug_aranges
                0x000002c0       0x20 ./source/semihost_hardfault.o
 .debug_aranges
                0x000002e0       0x58 ./source/ticktime.o
 .debug_aranges
                0x00000338      0x1d8 ./drivers/fsl_clock.o
 .debug_aranges
                0x00000510      0x118 ./drivers/fsl_lpsci.o
 .debug_aranges
                0x00000628      0x130 ./drivers/fsl_uart.o
 .debug_aranges
                0x00000758       0x28 ./board/board.o
 .debug_aranges
                0x00000780       0x58 ./board/clock_config.o
 .debug_aranges
                0x000007d8       0x20 ./board/peripherals.o
 .debug_aranges
                0x000007f8       0x38 ./board/pin_mux.o
 .debug_aranges
                0x00000830       0x28 ./CMSIS/system_MKL25Z4.o

.debug_ranges   0x00000000      0x720
 .debug_ranges  0x00000000       0x38 ./utilities/fsl_debug_console.o
 .debug_ranges  0x00000038      0x150 ./startup/startup_mkl25z4.o
 .debug_ranges  0x00000188       0x28 ./source/isha.o
 .debug_ranges  0x000001b0       0x20 ./source/main.o
 .debug_ranges  0x000001d0       0x20 ./source/pbkdf2.o
 .debug_ranges  0x000001f0       0x38 ./source/pbkdf2_test.o
 .debug_ranges  0x00000228       0x10 ./source/semihost_hardfault.o
 .debug_ranges  0x00000238       0x48 ./source/ticktime.o
 .debug_ranges  0x00000280      0x1c8 ./drivers/fsl_clock.o
 .debug_ranges  0x00000448      0x108 ./drivers/fsl_lpsci.o
 .debug_ranges  0x00000550      0x120 ./drivers/fsl_uart.o
 .debug_ranges  0x00000670       0x18 ./board/board.o
 .debug_ranges  0x00000688       0x48 ./board/clock_config.o
 .debug_ranges  0x000006d0       0x10 ./board/peripherals.o
 .debug_ranges  0x000006e0       0x28 ./board/pin_mux.o
 .debug_ranges  0x00000708       0x18 ./CMSIS/system_MKL25Z4.o

.debug_macro    0x00000000     0x8ed5
 .debug_macro   0x00000000      0x13a ./utilities/fsl_debug_console.o
 .debug_macro   0x0000013a      0xa84 ./utilities/fsl_debug_console.o
 .debug_macro   0x00000bbe       0x10 ./utilities/fsl_debug_console.o
 .debug_macro   0x00000bce       0x16 ./utilities/fsl_debug_console.o
 .debug_macro   0x00000be4       0x10 ./utilities/fsl_debug_console.o
 .debug_macro   0x00000bf4      0x12e ./utilities/fsl_debug_console.o
 .debug_macro   0x00000d22       0x28 ./utilities/fsl_debug_console.o
 .debug_macro   0x00000d4a       0xc4 ./utilities/fsl_debug_console.o
 .debug_macro   0x00000e0e       0x16 ./utilities/fsl_debug_console.o
 .debug_macro   0x00000e24       0x22 ./utilities/fsl_debug_console.o
 .debug_macro   0x00000e46      0x5b3 ./utilities/fsl_debug_console.o
 .debug_macro   0x000013f9       0x10 ./utilities/fsl_debug_console.o
 .debug_macro   0x00001409       0x3f ./utilities/fsl_debug_console.o
 .debug_macro   0x00001448       0x3a ./utilities/fsl_debug_console.o
 .debug_macro   0x00001482       0x26 ./utilities/fsl_debug_console.o
 .debug_macro   0x000014a8      0x329 ./utilities/fsl_debug_console.o
 .debug_macro   0x000017d1       0x30 ./utilities/fsl_debug_console.o
 .debug_macro   0x00001801     0x51e2 ./utilities/fsl_debug_console.o
 .debug_macro   0x000069e3     0x1352 ./utilities/fsl_debug_console.o
 .debug_macro   0x00007d35       0x3a ./utilities/fsl_debug_console.o
 .debug_macro   0x00007d6f       0xf4 ./utilities/fsl_debug_console.o
 .debug_macro   0x00007e63       0x35 ./utilities/fsl_debug_console.o
 .debug_macro   0x00007e98       0xd2 ./utilities/fsl_debug_console.o
 .debug_macro   0x00007f6a       0x2e ./utilities/fsl_debug_console.o
 .debug_macro   0x00007f98       0x10 ./utilities/fsl_debug_console.o
 .debug_macro   0x00007fa8       0x10 ./utilities/fsl_debug_console.o
 .debug_macro   0x00007fb8       0x29 ./startup/startup_mkl25z4.o
 .debug_macro   0x00007fe1       0x7c ./source/isha.o
 .debug_macro   0x0000805d       0x10 ./source/isha.o
 .debug_macro   0x0000806d      0x17e ./source/main.o
 .debug_macro   0x000081eb       0xd8 ./source/main.o
 .debug_macro   0x000082c3       0x22 ./source/main.o
 .debug_macro   0x000082e5       0x16 ./source/main.o
 .debug_macro   0x000082fb       0x10 ./source/main.o
 .debug_macro   0x0000830b      0x112 ./source/main.o
 .debug_macro   0x0000841d       0x34 ./source/main.o
 .debug_macro   0x00008451       0x16 ./source/main.o
 .debug_macro   0x00008467       0x2f ./source/mtb.o
 .debug_macro   0x00008496       0x82 ./source/mtb.o
 .debug_macro   0x00008518       0x10 ./source/mtb.o
 .debug_macro   0x00008528       0x83 ./source/pbkdf2.o
 .debug_macro   0x000085ab       0x1c ./source/pbkdf2.o
 .debug_macro   0x000085c7       0xab ./source/pbkdf2_test.o
 .debug_macro   0x00008672       0x11 ./source/semihost_hardfault.o
 .debug_macro   0x00008683       0x96 ./source/ticktime.o
 .debug_macro   0x00008719       0x34 ./source/ticktime.o
 .debug_macro   0x0000874d      0x196 ./drivers/fsl_clock.o
 .debug_macro   0x000088e3       0xec ./drivers/fsl_lpsci.o
 .debug_macro   0x000089cf       0xf2 ./drivers/fsl_uart.o
 .debug_macro   0x00008ac1      0x12b ./board/board.o
 .debug_macro   0x00008bec      0x123 ./board/clock_config.o
 .debug_macro   0x00008d0f       0x1b ./board/peripherals.o
 .debug_macro   0x00008d2a      0x107 ./board/pin_mux.o
 .debug_macro   0x00008e31       0x10 ./board/pin_mux.o
 .debug_macro   0x00008e41       0x94 ./CMSIS/system_MKL25Z4.o

.debug_line     0x00000000     0x5579
 .debug_line    0x00000000      0x464 ./utilities/fsl_debug_console.o
 .debug_line    0x00000464      0x1ed ./startup/startup_mkl25z4.o
 .debug_line    0x00000651       0xac ./source/assemblyprocessmsgblk.o
 .debug_line    0x000006fd      0x2c1 ./source/isha.o
 .debug_line    0x000009be      0x498 ./source/main.o
 .debug_line    0x00000e56       0xbe ./source/mtb.o
 .debug_line    0x00000f14      0x346 ./source/pbkdf2.o
 .debug_line    0x0000125a      0x411 ./source/pbkdf2_test.o
 .debug_line    0x0000166b       0x59 ./source/semihost_hardfault.o
 .debug_line    0x000016c4      0x349 ./source/ticktime.o
 .debug_line    0x00001a0d     0x12d3 ./drivers/fsl_clock.o
 .debug_line    0x00002ce0      0xd4c ./drivers/fsl_lpsci.o
 .debug_line    0x00003a2c      0xd3b ./drivers/fsl_uart.o
 .debug_line    0x00004767      0x388 ./board/board.o
 .debug_line    0x00004aef      0x3cd ./board/clock_config.o
 .debug_line    0x00004ebc       0x5c ./board/peripherals.o
 .debug_line    0x00004f18      0x354 ./board/pin_mux.o
 .debug_line    0x0000526c      0x30d ./CMSIS/system_MKL25Z4.o

.debug_str      0x00000000    0x35e25
 .debug_str     0x00000000    0x313e8 ./utilities/fsl_debug_console.o
                              0x3162b (size before relaxing)
 .debug_str     0x000313e8      0x3cd ./startup/startup_mkl25z4.o
                               0x30d2 (size before relaxing)
 .debug_str     0x000317b5       0x30 ./source/assemblyprocessmsgblk.o
                                 0x79 (size before relaxing)
 .debug_str     0x000317e5      0x144 ./source/isha.o
                               0x4571 (size before relaxing)
 .debug_str     0x00031929      0xacb ./source/main.o
                              0x31293 (size before relaxing)
 .debug_str     0x000323f4      0x532 ./source/mtb.o
                               0x31f2 (size before relaxing)
 .debug_str     0x00032926       0x96 ./source/pbkdf2.o
                               0x461b (size before relaxing)
 .debug_str     0x000329bc      0x10f ./source/pbkdf2_test.o
                               0x49c0 (size before relaxing)
 .debug_str     0x00032acb       0x1f ./source/semihost_hardfault.o
                               0x2cdf (size before relaxing)
 .debug_str     0x00032aea      0x2af ./source/ticktime.o
                              0x28f12 (size before relaxing)
 .debug_str     0x00032d99     0x186d ./drivers/fsl_clock.o
                              0x321a7 (size before relaxing)
 .debug_str     0x00034606      0x964 ./drivers/fsl_lpsci.o
                              0x31796 (size before relaxing)
 .debug_str     0x00034f6a      0x832 ./drivers/fsl_uart.o
                              0x317b9 (size before relaxing)
 .debug_str     0x0003579c       0x4c ./board/board.o
                              0x31209 (size before relaxing)
 .debug_str     0x000357e8      0x3c1 ./board/clock_config.o
                              0x310d8 (size before relaxing)
 .debug_str     0x00035ba9       0x31 ./board/peripherals.o
                               0x2cf0 (size before relaxing)
 .debug_str     0x00035bda      0x1fc ./board/pin_mux.o
                              0x3081f (size before relaxing)
 .debug_str     0x00035dd6       0x4f ./CMSIS/system_MKL25Z4.o
                              0x2fb21 (size before relaxing)

.comment        0x00000000       0x49
 .comment       0x00000000       0x49 ./utilities/fsl_debug_console.o
                                 0x4a (size before relaxing)
 .comment       0x00000049       0x4a ./startup/startup_mkl25z4.o
 .comment       0x00000049       0x4a ./source/isha.o
 .comment       0x00000049       0x4a ./source/main.o
 .comment       0x00000049       0x4a ./source/mtb.o
 .comment       0x00000049       0x4a ./source/pbkdf2.o
 .comment       0x00000049       0x4a ./source/pbkdf2_test.o
 .comment       0x00000049       0x4a ./source/semihost_hardfault.o
 .comment       0x00000049       0x4a ./source/ticktime.o
 .comment       0x00000049       0x4a ./drivers/fsl_clock.o
 .comment       0x00000049       0x4a ./drivers/fsl_lpsci.o
 .comment       0x00000049       0x4a ./drivers/fsl_uart.o
 .comment       0x00000049       0x4a ./board/board.o
 .comment       0x00000049       0x4a ./board/clock_config.o
 .comment       0x00000049       0x4a ./board/peripherals.o
 .comment       0x00000049       0x4a ./board/pin_mux.o
 .comment       0x00000049       0x4a ./CMSIS/system_MKL25Z4.o
 .comment       0x00000049       0x4a e:/sriraj/nxp/ide/plugins/com.nxp.mcuxpresso.tools.win32_11.6.0.202112161359/tools/bin/../lib/gcc/arm-none-eabi/10.3.1/../../../../arm-none-eabi/lib/thumb/v6-m/nofp\libcr_semihost_nf.a(_cr__main.o)
 .comment       0x00000049       0x4a e:/sriraj/nxp/ide/plugins/com.nxp.mcuxpresso.tools.win32_11.6.0.202112161359/tools/bin/../lib/gcc/arm-none-eabi/10.3.1/../../../../arm-none-eabi/lib/thumb/v6-m/nofp\libcr_semihost_nf.a(_cr_assert.o)
 .comment       0x00000049       0x4a e:/sriraj/nxp/ide/plugins/com.nxp.mcuxpresso.tools.win32_11.6.0.202112161359/tools/bin/../lib/gcc/arm-none-eabi/10.3.1/../../../../arm-none-eabi/lib/thumb/v6-m/nofp\libcr_semihost_nf.a(__ciob.o)
 .comment       0x00000049       0x4a e:/sriraj/nxp/ide/plugins/com.nxp.mcuxpresso.tools.win32_11.6.0.202112161359/tools/bin/../lib/gcc/arm-none-eabi/10.3.1/../../../../arm-none-eabi/lib/thumb/v6-m/nofp\libcr_c.a(memcpy.o)
 .comment       0x00000049       0x4a e:/sriraj/nxp/ide/plugins/com.nxp.mcuxpresso.tools.win32_11.6.0.202112161359/tools/bin/../lib/gcc/arm-none-eabi/10.3.1/../../../../arm-none-eabi/lib/thumb/v6-m/nofp\libcr_c.a(memset.o)
 .comment       0x00000049       0x4a e:/sriraj/nxp/ide/plugins/com.nxp.mcuxpresso.tools.win32_11.6.0.202112161359/tools/bin/../lib/gcc/arm-none-eabi/10.3.1/../../../../arm-none-eabi/lib/thumb/v6-m/nofp\libcr_c.a(_deferredlazyseek.o)
 .comment       0x00000049       0x4a e:/sriraj/nxp/ide/plugins/com.nxp.mcuxpresso.tools.win32_11.6.0.202112161359/tools/bin/../lib/gcc/arm-none-eabi/10.3.1/../../../../arm-none-eabi/lib/thumb/v6-m/nofp\libcr_c.a(_fflush.o)
 .comment       0x00000049       0x4a e:/sriraj/nxp/ide/plugins/com.nxp.mcuxpresso.tools.win32_11.6.0.202112161359/tools/bin/../lib/gcc/arm-none-eabi/10.3.1/../../../../arm-none-eabi/lib/thumb/v6-m/nofp\libcr_c.a(_writebuf.o)
 .comment       0x00000049       0x4a e:/sriraj/nxp/ide/plugins/com.nxp.mcuxpresso.tools.win32_11.6.0.202112161359/tools/bin/../lib/gcc/arm-none-eabi/10.3.1/../../../../arm-none-eabi/lib/thumb/v6-m/nofp\libcr_c.a(alloc.o)
 .comment       0x00000049       0x4a e:/sriraj/nxp/ide/plugins/com.nxp.mcuxpresso.tools.win32_11.6.0.202112161359/tools/bin/../lib/gcc/arm-none-eabi/10.3.1/../../../../arm-none-eabi/lib/thumb/v6-m/nofp\libcr_c.a(fputs.o)
 .comment       0x00000049       0x4a e:/sriraj/nxp/ide/plugins/com.nxp.mcuxpresso.tools.win32_11.6.0.202112161359/tools/bin/../lib/gcc/arm-none-eabi/10.3.1/../../../../arm-none-eabi/lib/thumb/v6-m/nofp\libcr_c.a(fseek.o)
 .comment       0x00000049       0x4a e:/sriraj/nxp/ide/plugins/com.nxp.mcuxpresso.tools.win32_11.6.0.202112161359/tools/bin/../lib/gcc/arm-none-eabi/10.3.1/../../../../arm-none-eabi/lib/thumb/v6-m/nofp\libcr_c.a(ftell.o)
 .comment       0x00000049       0x4a e:/sriraj/nxp/ide/plugins/com.nxp.mcuxpresso.tools.win32_11.6.0.202112161359/tools/bin/../lib/gcc/arm-none-eabi/10.3.1/../../../../arm-none-eabi/lib/thumb/v6-m/nofp\libcr_c.a(initio.o)
 .comment       0x00000049       0x4a e:/sriraj/nxp/ide/plugins/com.nxp.mcuxpresso.tools.win32_11.6.0.202112161359/tools/bin/../lib/gcc/arm-none-eabi/10.3.1/../../../../arm-none-eabi/lib/thumb/v6-m/nofp\libcr_c.a(printf.o)
 .comment       0x00000049       0x4a e:/sriraj/nxp/ide/plugins/com.nxp.mcuxpresso.tools.win32_11.6.0.202112161359/tools/bin/../lib/gcc/arm-none-eabi/10.3.1/../../../../arm-none-eabi/lib/thumb/v6-m/nofp\libcr_c.a(setvbuf.o)
 .comment       0x00000049       0x4a e:/sriraj/nxp/ide/plugins/com.nxp.mcuxpresso.tools.win32_11.6.0.202112161359/tools/bin/../lib/gcc/arm-none-eabi/10.3.1/../../../../arm-none-eabi/lib/thumb/v6-m/nofp\libcr_c.a(stdlib.o)
 .comment       0x00000049       0x4a e:/sriraj/nxp/ide/plugins/com.nxp.mcuxpresso.tools.win32_11.6.0.202112161359/tools/bin/../lib/gcc/arm-none-eabi/10.3.1/../../../../arm-none-eabi/lib/thumb/v6-m/nofp\libcr_c.a(strlen.o)
 .comment       0x00000049       0x4a e:/sriraj/nxp/ide/plugins/com.nxp.mcuxpresso.tools.win32_11.6.0.202112161359/tools/bin/../lib/gcc/arm-none-eabi/10.3.1/../../../../arm-none-eabi/lib/thumb/v6-m/nofp\libcr_c.a(__init_alloc.o)
 .comment       0x00000049       0x4a e:/sriraj/nxp/ide/plugins/com.nxp.mcuxpresso.tools.win32_11.6.0.202112161359/tools/bin/../lib/gcc/arm-none-eabi/10.3.1/../../../../arm-none-eabi/lib/thumb/v6-m/nofp\libcr_c.a(_cr_sbrk.o)
 .comment       0x00000049       0x4a e:/sriraj/nxp/ide/plugins/com.nxp.mcuxpresso.tools.win32_11.6.0.202112161359/tools/bin/../lib/gcc/arm-none-eabi/10.3.1/../../../../arm-none-eabi/lib/thumb/v6-m/nofp\libcr_c.a(_fdopen.o)
 .comment       0x00000049       0x4a e:/sriraj/nxp/ide/plugins/com.nxp.mcuxpresso.tools.win32_11.6.0.202112161359/tools/bin/../lib/gcc/arm-none-eabi/10.3.1/../../../../arm-none-eabi/lib/thumb/v6-m/nofp\libcr_c.a(errno.o)
 .comment       0x00000049       0x4a e:/sriraj/nxp/ide/plugins/com.nxp.mcuxpresso.tools.win32_11.6.0.202112161359/tools/bin/../lib/gcc/arm-none-eabi/10.3.1/../../../../arm-none-eabi/lib/thumb/v6-m/nofp\libcr_c.a(fclose.o)
 .comment       0x00000049       0x4a e:/sriraj/nxp/ide/plugins/com.nxp.mcuxpresso.tools.win32_11.6.0.202112161359/tools/bin/../lib/gcc/arm-none-eabi/10.3.1/../../../../arm-none-eabi/lib/thumb/v6-m/nofp\libcr_c.a(fflush.o)
 .comment       0x00000049       0x4a e:/sriraj/nxp/ide/plugins/com.nxp.mcuxpresso.tools.win32_11.6.0.202112161359/tools/bin/../lib/gcc/arm-none-eabi/10.3.1/../../../../arm-none-eabi/lib/thumb/v6-m/nofp\libcr_c.a(remove.o)
 .comment       0x00000049       0x4a e:/sriraj/nxp/ide/plugins/com.nxp.mcuxpresso.tools.win32_11.6.0.202112161359/tools/bin/../lib/gcc/arm-none-eabi/10.3.1/../../../../arm-none-eabi/lib/thumb/v6-m/nofp\libcr_c.a(_cr_check_heap.o)
 .comment       0x00000049       0x4a e:/sriraj/nxp/ide/plugins/com.nxp.mcuxpresso.tools.win32_11.6.0.202112161359/tools/bin/../lib/gcc/arm-none-eabi/10.3.1/../../../../arm-none-eabi/lib/thumb/v6-m/nofp\libcr_c.a(_do_fflush.o)

.ARM.attributes
                0x00000000       0x2a
 .ARM.attributes
                0x00000000       0x2c ./utilities/fsl_debug_console.o
 .ARM.attributes
                0x0000002c       0x2c ./startup/startup_mkl25z4.o
 .ARM.attributes
                0x00000058       0x21 ./source/assemblyprocessmsgblk.o
 .ARM.attributes
                0x00000079       0x2c ./source/isha.o
 .ARM.attributes
                0x000000a5       0x2c ./source/main.o
 .ARM.attributes
                0x000000d1       0x2c ./source/mtb.o
 .ARM.attributes
                0x000000fd       0x2c ./source/pbkdf2.o
 .ARM.attributes
                0x00000129       0x2c ./source/pbkdf2_test.o
 .ARM.attributes
                0x00000155       0x2c ./source/semihost_hardfault.o
 .ARM.attributes
                0x00000181       0x2c ./source/ticktime.o
 .ARM.attributes
                0x000001ad       0x2c ./drivers/fsl_clock.o
 .ARM.attributes
                0x000001d9       0x2c ./drivers/fsl_lpsci.o
 .ARM.attributes
                0x00000205       0x2c ./drivers/fsl_uart.o
 .ARM.attributes
                0x00000231       0x2c ./board/board.o
 .ARM.attributes
                0x0000025d       0x2c ./board/clock_config.o
 .ARM.attributes
                0x00000289       0x2c ./board/peripherals.o
 .ARM.attributes
                0x000002b5       0x2c ./board/pin_mux.o
 .ARM.attributes
                0x000002e1       0x2c ./CMSIS/system_MKL25Z4.o
 .ARM.attributes
                0x0000030d       0x2c e:/sriraj/nxp/ide/plugins/com.nxp.mcuxpresso.tools.win32_11.6.0.202112161359/tools/bin/../lib/gcc/arm-none-eabi/10.3.1/../../../../arm-none-eabi/lib/thumb/v6-m/nofp\libcr_semihost_nf.a(_cr__main.o)
 .ARM.attributes
                0x00000339       0x2c e:/sriraj/nxp/ide/plugins/com.nxp.mcuxpresso.tools.win32_11.6.0.202112161359/tools/bin/../lib/gcc/arm-none-eabi/10.3.1/../../../../arm-none-eabi/lib/thumb/v6-m/nofp\libcr_semihost_nf.a(_cr_assert.o)
 .ARM.attributes
                0x00000365       0x2c e:/sriraj/nxp/ide/plugins/com.nxp.mcuxpresso.tools.win32_11.6.0.202112161359/tools/bin/../lib/gcc/arm-none-eabi/10.3.1/../../../../arm-none-eabi/lib/thumb/v6-m/nofp\libcr_semihost_nf.a(__ciob.o)
 .ARM.attributes
                0x00000391       0x1c e:/sriraj/nxp/ide/plugins/com.nxp.mcuxpresso.tools.win32_11.6.0.202112161359/tools/bin/../lib/gcc/arm-none-eabi/10.3.1/../../../../arm-none-eabi/lib/thumb/v6-m/nofp\libcr_semihost_nf.a(__sys_appexit.o)
 .ARM.attributes
                0x000003ad       0x2c e:/sriraj/nxp/ide/plugins/com.nxp.mcuxpresso.tools.win32_11.6.0.202112161359/tools/bin/../lib/gcc/arm-none-eabi/10.3.1/../../../../arm-none-eabi/lib/thumb/v6-m/nofp\libcr_c.a(memcpy.o)
 .ARM.attributes
                0x000003d9       0x2c e:/sriraj/nxp/ide/plugins/com.nxp.mcuxpresso.tools.win32_11.6.0.202112161359/tools/bin/../lib/gcc/arm-none-eabi/10.3.1/../../../../arm-none-eabi/lib/thumb/v6-m/nofp\libcr_c.a(memset.o)
 .ARM.attributes
                0x00000405       0x2c e:/sriraj/nxp/ide/plugins/com.nxp.mcuxpresso.tools.win32_11.6.0.202112161359/tools/bin/../lib/gcc/arm-none-eabi/10.3.1/../../../../arm-none-eabi/lib/thumb/v6-m/nofp\libcr_c.a(_deferredlazyseek.o)
 .ARM.attributes
                0x00000431       0x2c e:/sriraj/nxp/ide/plugins/com.nxp.mcuxpresso.tools.win32_11.6.0.202112161359/tools/bin/../lib/gcc/arm-none-eabi/10.3.1/../../../../arm-none-eabi/lib/thumb/v6-m/nofp\libcr_c.a(_fflush.o)
 .ARM.attributes
                0x0000045d       0x2c e:/sriraj/nxp/ide/plugins/com.nxp.mcuxpresso.tools.win32_11.6.0.202112161359/tools/bin/../lib/gcc/arm-none-eabi/10.3.1/../../../../arm-none-eabi/lib/thumb/v6-m/nofp\libcr_c.a(_writebuf.o)
 .ARM.attributes
                0x00000489       0x2c e:/sriraj/nxp/ide/plugins/com.nxp.mcuxpresso.tools.win32_11.6.0.202112161359/tools/bin/../lib/gcc/arm-none-eabi/10.3.1/../../../../arm-none-eabi/lib/thumb/v6-m/nofp\libcr_c.a(alloc.o)
 .ARM.attributes
                0x000004b5       0x2c e:/sriraj/nxp/ide/plugins/com.nxp.mcuxpresso.tools.win32_11.6.0.202112161359/tools/bin/../lib/gcc/arm-none-eabi/10.3.1/../../../../arm-none-eabi/lib/thumb/v6-m/nofp\libcr_c.a(fputs.o)
 .ARM.attributes
                0x000004e1       0x2c e:/sriraj/nxp/ide/plugins/com.nxp.mcuxpresso.tools.win32_11.6.0.202112161359/tools/bin/../lib/gcc/arm-none-eabi/10.3.1/../../../../arm-none-eabi/lib/thumb/v6-m/nofp\libcr_c.a(fseek.o)
 .ARM.attributes
                0x0000050d       0x2c e:/sriraj/nxp/ide/plugins/com.nxp.mcuxpresso.tools.win32_11.6.0.202112161359/tools/bin/../lib/gcc/arm-none-eabi/10.3.1/../../../../arm-none-eabi/lib/thumb/v6-m/nofp\libcr_c.a(ftell.o)
 .ARM.attributes
                0x00000539       0x2c e:/sriraj/nxp/ide/plugins/com.nxp.mcuxpresso.tools.win32_11.6.0.202112161359/tools/bin/../lib/gcc/arm-none-eabi/10.3.1/../../../../arm-none-eabi/lib/thumb/v6-m/nofp\libcr_c.a(initio.o)
 .ARM.attributes
                0x00000565       0x2c e:/sriraj/nxp/ide/plugins/com.nxp.mcuxpresso.tools.win32_11.6.0.202112161359/tools/bin/../lib/gcc/arm-none-eabi/10.3.1/../../../../arm-none-eabi/lib/thumb/v6-m/nofp\libcr_c.a(printf.o)
 .ARM.attributes
                0x00000591       0x2c e:/sriraj/nxp/ide/plugins/com.nxp.mcuxpresso.tools.win32_11.6.0.202112161359/tools/bin/../lib/gcc/arm-none-eabi/10.3.1/../../../../arm-none-eabi/lib/thumb/v6-m/nofp\libcr_c.a(setvbuf.o)
 .ARM.attributes
                0x000005bd       0x2c e:/sriraj/nxp/ide/plugins/com.nxp.mcuxpresso.tools.win32_11.6.0.202112161359/tools/bin/../lib/gcc/arm-none-eabi/10.3.1/../../../../arm-none-eabi/lib/thumb/v6-m/nofp\libcr_c.a(stdlib.o)
 .ARM.attributes
                0x000005e9       0x2c e:/sriraj/nxp/ide/plugins/com.nxp.mcuxpresso.tools.win32_11.6.0.202112161359/tools/bin/../lib/gcc/arm-none-eabi/10.3.1/../../../../arm-none-eabi/lib/thumb/v6-m/nofp\libcr_c.a(strlen.o)
 .ARM.attributes
                0x00000615       0x2c e:/sriraj/nxp/ide/plugins/com.nxp.mcuxpresso.tools.win32_11.6.0.202112161359/tools/bin/../lib/gcc/arm-none-eabi/10.3.1/../../../../arm-none-eabi/lib/thumb/v6-m/nofp\libcr_c.a(__init_alloc.o)
 .ARM.attributes
                0x00000641       0x2c e:/sriraj/nxp/ide/plugins/com.nxp.mcuxpresso.tools.win32_11.6.0.202112161359/tools/bin/../lib/gcc/arm-none-eabi/10.3.1/../../../../arm-none-eabi/lib/thumb/v6-m/nofp\libcr_c.a(_cr_sbrk.o)
 .ARM.attributes
                0x0000066d       0x2c e:/sriraj/nxp/ide/plugins/com.nxp.mcuxpresso.tools.win32_11.6.0.202112161359/tools/bin/../lib/gcc/arm-none-eabi/10.3.1/../../../../arm-none-eabi/lib/thumb/v6-m/nofp\libcr_c.a(_fdopen.o)
 .ARM.attributes
                0x00000699       0x2c e:/sriraj/nxp/ide/plugins/com.nxp.mcuxpresso.tools.win32_11.6.0.202112161359/tools/bin/../lib/gcc/arm-none-eabi/10.3.1/../../../../arm-none-eabi/lib/thumb/v6-m/nofp\libcr_c.a(errno.o)
 .ARM.attributes
                0x000006c5       0x2c e:/sriraj/nxp/ide/plugins/com.nxp.mcuxpresso.tools.win32_11.6.0.202112161359/tools/bin/../lib/gcc/arm-none-eabi/10.3.1/../../../../arm-none-eabi/lib/thumb/v6-m/nofp\libcr_c.a(fclose.o)
 .ARM.attributes
                0x000006f1       0x2c e:/sriraj/nxp/ide/plugins/com.nxp.mcuxpresso.tools.win32_11.6.0.202112161359/tools/bin/../lib/gcc/arm-none-eabi/10.3.1/../../../../arm-none-eabi/lib/thumb/v6-m/nofp\libcr_c.a(fflush.o)
 .ARM.attributes
                0x0000071d       0x2c e:/sriraj/nxp/ide/plugins/com.nxp.mcuxpresso.tools.win32_11.6.0.202112161359/tools/bin/../lib/gcc/arm-none-eabi/10.3.1/../../../../arm-none-eabi/lib/thumb/v6-m/nofp\libcr_c.a(remove.o)
 .ARM.attributes
                0x00000749       0x2c e:/sriraj/nxp/ide/plugins/com.nxp.mcuxpresso.tools.win32_11.6.0.202112161359/tools/bin/../lib/gcc/arm-none-eabi/10.3.1/../../../../arm-none-eabi/lib/thumb/v6-m/nofp\libcr_c.a(_cr_check_heap.o)
 .ARM.attributes
                0x00000775       0x2c e:/sriraj/nxp/ide/plugins/com.nxp.mcuxpresso.tools.win32_11.6.0.202112161359/tools/bin/../lib/gcc/arm-none-eabi/10.3.1/../../../../arm-none-eabi/lib/thumb/v6-m/nofp\libcr_c.a(_do_fflush.o)
 .ARM.attributes
                0x000007a1       0x1c e:/sriraj/nxp/ide/plugins/com.nxp.mcuxpresso.tools.win32_11.6.0.202112161359/tools/bin/../lib/gcc/arm-none-eabi/10.3.1/thumb/v6-m/nofp\libcr_eabihelpers.a(division_32.o)
 .ARM.attributes
                0x000007bd       0x1c e:/sriraj/nxp/ide/plugins/com.nxp.mcuxpresso.tools.win32_11.6.0.202112161359/tools/bin/../lib/gcc/arm-none-eabi/10.3.1/thumb/v6-m/nofp\libcr_eabihelpers.a(division_idiv0.o)
 .ARM.attributes
                0x000007d9       0x1c e:/sriraj/nxp/ide/plugins/com.nxp.mcuxpresso.tools.win32_11.6.0.202112161359/tools/bin/../lib/gcc/arm-none-eabi/10.3.1/thumb/v6-m/nofp\libcr_eabihelpers.a(llong.o)
 .ARM.attributes
                0x000007f5       0x1c e:/sriraj/nxp/ide/plugins/com.nxp.mcuxpresso.tools.win32_11.6.0.202112161359/tools/bin/../lib/gcc/arm-none-eabi/10.3.1/thumb/v6-m/nofp\libcr_eabihelpers.a(memcpy.o)
 .ARM.attributes
                0x00000811       0x1c e:/sriraj/nxp/ide/plugins/com.nxp.mcuxpresso.tools.win32_11.6.0.202112161359/tools/bin/../lib/gcc/arm-none-eabi/10.3.1/thumb/v6-m/nofp\libcr_eabihelpers.a(thumb1_switch_helpers.o)
 .ARM.attributes
                0x0000082d       0x1c e:/sriraj/nxp/ide/plugins/com.nxp.mcuxpresso.tools.win32_11.6.0.202112161359/tools/bin/../lib/gcc/arm-none-eabi/10.3.1/../../../../arm-none-eabi/lib/thumb/v6-m/nofp\libcr_semihost_nf.a(__sys_close.o)
 .ARM.attributes
                0x00000849       0x1c e:/sriraj/nxp/ide/plugins/com.nxp.mcuxpresso.tools.win32_11.6.0.202112161359/tools/bin/../lib/gcc/arm-none-eabi/10.3.1/../../../../arm-none-eabi/lib/thumb/v6-m/nofp\libcr_semihost_nf.a(__sys_flen.o)
 .ARM.attributes
                0x00000865       0x1c e:/sriraj/nxp/ide/plugins/com.nxp.mcuxpresso.tools.win32_11.6.0.202112161359/tools/bin/../lib/gcc/arm-none-eabi/10.3.1/../../../../arm-none-eabi/lib/thumb/v6-m/nofp\libcr_semihost_nf.a(__sys_istty.o)
 .ARM.attributes
                0x00000881       0x1c e:/sriraj/nxp/ide/plugins/com.nxp.mcuxpresso.tools.win32_11.6.0.202112161359/tools/bin/../lib/gcc/arm-none-eabi/10.3.1/../../../../arm-none-eabi/lib/thumb/v6-m/nofp\libcr_semihost_nf.a(__sys_remove.o)
 .ARM.attributes
                0x0000089d       0x1c e:/sriraj/nxp/ide/plugins/com.nxp.mcuxpresso.tools.win32_11.6.0.202112161359/tools/bin/../lib/gcc/arm-none-eabi/10.3.1/../../../../arm-none-eabi/lib/thumb/v6-m/nofp\libcr_semihost_nf.a(__sys_seek.o)
 .ARM.attributes
                0x000008b9       0x1c e:/sriraj/nxp/ide/plugins/com.nxp.mcuxpresso.tools.win32_11.6.0.202112161359/tools/bin/../lib/gcc/arm-none-eabi/10.3.1/../../../../arm-none-eabi/lib/thumb/v6-m/nofp\libcr_semihost_nf.a(__sys_tmpnam.o)
 .ARM.attributes
                0x000008d5       0x1c e:/sriraj/nxp/ide/plugins/com.nxp.mcuxpresso.tools.win32_11.6.0.202112161359/tools/bin/../lib/gcc/arm-none-eabi/10.3.1/../../../../arm-none-eabi/lib/thumb/v6-m/nofp\libcr_semihost_nf.a(__sys_write.o)

.debug_frame    0x00000000     0x19a8
 .debug_frame   0x00000000       0xcc ./utilities/fsl_debug_console.o
 .debug_frame   0x000000cc      0x3b0 ./startup/startup_mkl25z4.o
 .debug_frame   0x0000047c       0x90 ./source/isha.o
 .debug_frame   0x0000050c       0x74 ./source/main.o
 .debug_frame   0x00000580       0x80 ./source/pbkdf2.o
 .debug_frame   0x00000600       0xe4 ./source/pbkdf2_test.o
 .debug_frame   0x000006e4       0x20 ./source/semihost_hardfault.o
 .debug_frame   0x00000704       0xfc ./source/ticktime.o
 .debug_frame   0x00000800      0x6e0 ./drivers/fsl_clock.o
 .debug_frame   0x00000ee0      0x414 ./drivers/fsl_lpsci.o
 .debug_frame   0x000012f4      0x464 ./drivers/fsl_uart.o
 .debug_frame   0x00001758       0x50 ./board/board.o
 .debug_frame   0x000017a8      0x100 ./board/clock_config.o
 .debug_frame   0x000018a8       0x2c ./board/peripherals.o
 .debug_frame   0x000018d4       0x88 ./board/pin_mux.o
 .debug_frame   0x0000195c       0x4c ./CMSIS/system_MKL25Z4.o

Cross Reference Table

Symbol                                            File
ADC0_DriverIRQHandler                             ./startup/startup_mkl25z4.o
ADC0_IRQHandler                                   ./startup/startup_mkl25z4.o
BOARD_BootClockRUN                                ./board/clock_config.o
BOARD_BootClockVLPR                               ./board/clock_config.o
BOARD_InitBootClocks                              ./board/clock_config.o
                                                  ./source/main.o
BOARD_InitBootPeripherals                         ./board/peripherals.o
                                                  ./source/main.o
BOARD_InitBootPins                                ./board/pin_mux.o
                                                  ./source/main.o
BOARD_InitDebugConsole                            ./board/board.o
                                                  ./source/main.o
BOARD_InitPins                                    ./board/pin_mux.o
CLOCK_BootToBlpeMode                              ./drivers/fsl_clock.o
CLOCK_BootToBlpiMode                              ./drivers/fsl_clock.o
                                                  ./board/clock_config.o
CLOCK_BootToFeeMode                               ./drivers/fsl_clock.o
CLOCK_BootToFeiMode                               ./drivers/fsl_clock.o
CLOCK_BootToPeeMode                               ./drivers/fsl_clock.o
                                                  ./board/clock_config.o
CLOCK_CalcPllDiv                                  ./drivers/fsl_clock.o
CLOCK_ClearStatusFlags                            ./drivers/fsl_clock.o
CLOCK_DeinitOsc0                                  ./drivers/fsl_clock.o
CLOCK_EnablePll0                                  ./drivers/fsl_clock.o
CLOCK_EnableUsbfs0Clock                           ./drivers/fsl_clock.o
CLOCK_ExternalModeToFbeModeQuick                  ./drivers/fsl_clock.o
CLOCK_FllStableDelay                              ./drivers/fsl_clock.o
CLOCK_GetBusClkFreq                               ./drivers/fsl_clock.o
CLOCK_GetCoreSysClkFreq                           ./drivers/fsl_clock.o
CLOCK_GetEr32kClkFreq                             ./drivers/fsl_clock.o
CLOCK_GetFixedFreqClkFreq                         ./drivers/fsl_clock.o
CLOCK_GetFlashClkFreq                             ./drivers/fsl_clock.o
CLOCK_GetFllFreq                                  ./drivers/fsl_clock.o
CLOCK_GetFreq                                     ./drivers/fsl_clock.o
CLOCK_GetInternalRefClkFreq                       ./drivers/fsl_clock.o
CLOCK_GetMode                                     ./drivers/fsl_clock.o
CLOCK_GetOsc0ErClkFreq                            ./drivers/fsl_clock.o
CLOCK_GetOutClkFreq                               ./drivers/fsl_clock.o
CLOCK_GetPlatClkFreq                              ./drivers/fsl_clock.o
CLOCK_GetPll0Freq                                 ./drivers/fsl_clock.o
CLOCK_GetPllFllSelClkFreq                         ./drivers/fsl_clock.o
                                                  ./board/board.o
CLOCK_GetStatusFlags                              ./drivers/fsl_clock.o
CLOCK_InitOsc0                                    ./drivers/fsl_clock.o
                                                  ./board/clock_config.o
CLOCK_InternalModeToFbiModeQuick                  ./drivers/fsl_clock.o
CLOCK_SetBlpeMode                                 ./drivers/fsl_clock.o
CLOCK_SetBlpiMode                                 ./drivers/fsl_clock.o
CLOCK_SetExternalRefClkConfig                     ./drivers/fsl_clock.o
CLOCK_SetFbeMode                                  ./drivers/fsl_clock.o
CLOCK_SetFbiMode                                  ./drivers/fsl_clock.o
CLOCK_SetFeeMode                                  ./drivers/fsl_clock.o
CLOCK_SetFeiMode                                  ./drivers/fsl_clock.o
CLOCK_SetInternalRefClkConfig                     ./drivers/fsl_clock.o
                                                  ./board/clock_config.o
CLOCK_SetMcgConfig                                ./drivers/fsl_clock.o
CLOCK_SetOsc0MonitorMode                          ./drivers/fsl_clock.o
CLOCK_SetPbeMode                                  ./drivers/fsl_clock.o
CLOCK_SetPeeMode                                  ./drivers/fsl_clock.o
CLOCK_SetPll0MonitorMode                          ./drivers/fsl_clock.o
CLOCK_SetSimConfig                                ./drivers/fsl_clock.o
                                                  ./board/clock_config.o
CLOCK_TrimInternalRefClk                          ./drivers/fsl_clock.o
CMP0_DriverIRQHandler                             ./startup/startup_mkl25z4.o
CMP0_IRQHandler                                   ./startup/startup_mkl25z4.o
DAC0_DriverIRQHandler                             ./startup/startup_mkl25z4.o
DAC0_IRQHandler                                   ./startup/startup_mkl25z4.o
DMA0_DriverIRQHandler                             ./startup/startup_mkl25z4.o
DMA0_IRQHandler                                   ./startup/startup_mkl25z4.o
DMA1_DriverIRQHandler                             ./startup/startup_mkl25z4.o
DMA1_IRQHandler                                   ./startup/startup_mkl25z4.o
DMA2_DriverIRQHandler                             ./startup/startup_mkl25z4.o
DMA2_IRQHandler                                   ./startup/startup_mkl25z4.o
DMA3_DriverIRQHandler                             ./startup/startup_mkl25z4.o
DMA3_IRQHandler                                   ./startup/startup_mkl25z4.o
DbgConsole_Deinit                                 ./utilities/fsl_debug_console.o
DbgConsole_Init                                   ./utilities/fsl_debug_console.o
                                                  ./board/board.o
FLASH_Erase                                       ./drivers/fsl_flash.o
FLASH_EraseAll                                    ./drivers/fsl_flash.o
FLASH_EraseAllExecuteOnlySegments                 ./drivers/fsl_flash.o
FLASH_GetProperty                                 ./drivers/fsl_flash.o
FLASH_GetSecurityState                            ./drivers/fsl_flash.o
FLASH_Init                                        ./drivers/fsl_flash.o
FLASH_IsExecuteOnly                               ./drivers/fsl_flash.o
FLASH_IsProtected                                 ./drivers/fsl_flash.o
FLASH_PflashGetPrefetchSpeculation                ./drivers/fsl_flash.o
FLASH_PflashGetProtection                         ./drivers/fsl_flash.o
FLASH_PflashSetPrefetchSpeculation                ./drivers/fsl_flash.o
                                                  ./drivers/fsl_smc.o
FLASH_PflashSetProtection                         ./drivers/fsl_flash.o
FLASH_PrepareExecuteInRamFunctions                ./drivers/fsl_flash.o
FLASH_Program                                     ./drivers/fsl_flash.o
FLASH_ProgramOnce                                 ./drivers/fsl_flash.o
FLASH_ReadOnce                                    ./drivers/fsl_flash.o
FLASH_ReadResource                                ./drivers/fsl_flash.o
FLASH_SecurityBypass                              ./drivers/fsl_flash.o
FLASH_SetCallback                                 ./drivers/fsl_flash.o
FLASH_SetProperty                                 ./drivers/fsl_flash.o
FLASH_VerifyErase                                 ./drivers/fsl_flash.o
FLASH_VerifyEraseAll                              ./drivers/fsl_flash.o
FLASH_VerifyEraseAllExecuteOnlySegments           ./drivers/fsl_flash.o
FLASH_VerifyProgram                               ./drivers/fsl_flash.o
FTFA_DriverIRQHandler                             ./startup/startup_mkl25z4.o
FTFA_IRQHandler                                   ./startup/startup_mkl25z4.o
Flash_Config                                      ./startup/startup_mkl25z4.o
GPIO_ClearPinsInterruptFlags                      ./drivers/fsl_gpio.o
GPIO_GetPinsInterruptFlags                        ./drivers/fsl_gpio.o
GPIO_PinInit                                      ./drivers/fsl_gpio.o
HardFault_Handler                                 ./source/semihost_hardfault.o
                                                  ./startup/startup_mkl25z4.o
I2C0_DriverIRQHandler                             ./startup/startup_mkl25z4.o
I2C0_IRQHandler                                   ./startup/startup_mkl25z4.o
I2C1_DriverIRQHandler                             ./startup/startup_mkl25z4.o
I2C1_IRQHandler                                   ./startup/startup_mkl25z4.o
ISHAInput                                         ./source/isha.o
                                                  ./source/pbkdf2_test.o
                                                  ./source/pbkdf2.o
ISHAProcessMessageBlock                           ./source/assemblyprocessmsgblk.o
                                                  ./source/isha.o
ISHAReset                                         ./source/isha.o
                                                  ./source/pbkdf2_test.o
                                                  ./source/pbkdf2.o
ISHAResult                                        ./source/isha.o
                                                  ./source/pbkdf2_test.o
                                                  ./source/pbkdf2.o
InstallIRQHandler                                 ./drivers/fsl_common.o
IntDefaultHandler                                 ./startup/startup_mkl25z4.o
LLWU_DriverIRQHandler                             ./startup/startup_mkl25z4.o
LLWU_IRQHandler                                   ./startup/startup_mkl25z4.o
LPSCI_ClearStatusFlags                            ./drivers/fsl_lpsci.o
LPSCI_Deinit                                      ./drivers/fsl_lpsci.o
                                                  ./utilities/fsl_debug_console.o
LPSCI_DisableInterrupts                           ./drivers/fsl_lpsci.o
LPSCI_EnableInterrupts                            ./drivers/fsl_lpsci.o
LPSCI_GetDefaultConfig                            ./drivers/fsl_lpsci.o
                                                  ./utilities/fsl_debug_console.o
LPSCI_GetEnabledInterrupts                        ./drivers/fsl_lpsci.o
LPSCI_GetInstance                                 ./drivers/fsl_lpsci.o
LPSCI_GetStatusFlags                              ./drivers/fsl_lpsci.o
LPSCI_Init                                        ./drivers/fsl_lpsci.o
                                                  ./utilities/fsl_debug_console.o
LPSCI_ReadBlocking                                ./drivers/fsl_lpsci.o
                                                  ./utilities/fsl_debug_console.o
LPSCI_SetBaudRate                                 ./drivers/fsl_lpsci.o
LPSCI_TransferAbortReceive                        ./drivers/fsl_lpsci.o
LPSCI_TransferAbortSend                           ./drivers/fsl_lpsci.o
LPSCI_TransferCreateHandle                        ./drivers/fsl_lpsci.o
LPSCI_TransferGetReceiveCount                     ./drivers/fsl_lpsci.o
LPSCI_TransferGetSendCount                        ./drivers/fsl_lpsci.o
LPSCI_TransferHandleErrorIRQ                      ./drivers/fsl_lpsci.o
LPSCI_TransferHandleIRQ                           ./drivers/fsl_lpsci.o
LPSCI_TransferReceiveNonBlocking                  ./drivers/fsl_lpsci.o
LPSCI_TransferSendNonBlocking                     ./drivers/fsl_lpsci.o
LPSCI_TransferStartRingBuffer                     ./drivers/fsl_lpsci.o
LPSCI_TransferStopRingBuffer                      ./drivers/fsl_lpsci.o
LPSCI_WriteBlocking                               ./drivers/fsl_lpsci.o
                                                  ./utilities/fsl_debug_console.o
LPTMR0_DriverIRQHandler                           ./startup/startup_mkl25z4.o
LPTMR0_IRQHandler                                 ./startup/startup_mkl25z4.o
LVD_LVW_DriverIRQHandler                          ./startup/startup_mkl25z4.o
LVD_LVW_IRQHandler                                ./startup/startup_mkl25z4.o
MCG_DriverIRQHandler                              ./startup/startup_mkl25z4.o
MCG_IRQHandler                                    ./startup/startup_mkl25z4.o
NMI_Handler                                       ./startup/startup_mkl25z4.o
PIT_DriverIRQHandler                              ./startup/startup_mkl25z4.o
PIT_IRQHandler                                    ./startup/startup_mkl25z4.o
PORTA_DriverIRQHandler                            ./startup/startup_mkl25z4.o
PORTA_IRQHandler                                  ./startup/startup_mkl25z4.o
PORTD_DriverIRQHandler                            ./startup/startup_mkl25z4.o
PORTD_IRQHandler                                  ./startup/startup_mkl25z4.o
PendSV_Handler                                    ./startup/startup_mkl25z4.o
RTC_DriverIRQHandler                              ./startup/startup_mkl25z4.o
RTC_IRQHandler                                    ./startup/startup_mkl25z4.o
RTC_Seconds_DriverIRQHandler                      ./startup/startup_mkl25z4.o
RTC_Seconds_IRQHandler                            ./startup/startup_mkl25z4.o
Reserved20_DriverIRQHandler                       ./startup/startup_mkl25z4.o
Reserved20_IRQHandler                             ./startup/startup_mkl25z4.o
Reserved39_DriverIRQHandler                       ./startup/startup_mkl25z4.o
Reserved39_IRQHandler                             ./startup/startup_mkl25z4.o
Reserved45_DriverIRQHandler                       ./startup/startup_mkl25z4.o
Reserved45_IRQHandler                             ./startup/startup_mkl25z4.o
ResetISR                                          ./startup/startup_mkl25z4.o
SMC_PostExitStopModes                             ./drivers/fsl_smc.o
SMC_PreEnterStopModes                             ./drivers/fsl_smc.o
SMC_SetPowerModeLls                               ./drivers/fsl_smc.o
SMC_SetPowerModeRun                               ./drivers/fsl_smc.o
SMC_SetPowerModeStop                              ./drivers/fsl_smc.o
SMC_SetPowerModeVlls                              ./drivers/fsl_smc.o
SMC_SetPowerModeVlpr                              ./drivers/fsl_smc.o
                                                  ./board/clock_config.o
SMC_SetPowerModeVlps                              ./drivers/fsl_smc.o
SMC_SetPowerModeVlpw                              ./drivers/fsl_smc.o
SMC_SetPowerModeWait                              ./drivers/fsl_smc.o
SPI0_DriverIRQHandler                             ./startup/startup_mkl25z4.o
SPI0_IRQHandler                                   ./startup/startup_mkl25z4.o
SPI1_DriverIRQHandler                             ./startup/startup_mkl25z4.o
SPI1_IRQHandler                                   ./startup/startup_mkl25z4.o
SVC_Handler                                       ./startup/startup_mkl25z4.o
SysTick_Handler                                   ./source/ticktime.o
                                                  ./startup/startup_mkl25z4.o
SystemCoreClock                                   ./CMSIS/system_MKL25Z4.o
                                                  ./board/clock_config.o
SystemCoreClockUpdate                             ./CMSIS/system_MKL25Z4.o
SystemInit                                        ./CMSIS/system_MKL25Z4.o
                                                  ./startup/startup_mkl25z4.o
TPM0_DriverIRQHandler                             ./startup/startup_mkl25z4.o
TPM0_IRQHandler                                   ./startup/startup_mkl25z4.o
TPM1_DriverIRQHandler                             ./startup/startup_mkl25z4.o
TPM1_IRQHandler                                   ./startup/startup_mkl25z4.o
TPM2_DriverIRQHandler                             ./startup/startup_mkl25z4.o
TPM2_IRQHandler                                   ./startup/startup_mkl25z4.o
TSI0_DriverIRQHandler                             ./startup/startup_mkl25z4.o
TSI0_IRQHandler                                   ./startup/startup_mkl25z4.o
UART0_DriverIRQHandler                            ./drivers/fsl_lpsci.o
                                                  ./startup/startup_mkl25z4.o
UART0_IRQHandler                                  ./startup/startup_mkl25z4.o
UART1_DriverIRQHandler                            ./drivers/fsl_uart.o
                                                  ./startup/startup_mkl25z4.o
UART1_IRQHandler                                  ./startup/startup_mkl25z4.o
UART1_RX_TX_DriverIRQHandler                      ./drivers/fsl_uart.o
UART2_DriverIRQHandler                            ./drivers/fsl_uart.o
                                                  ./startup/startup_mkl25z4.o
UART2_IRQHandler                                  ./startup/startup_mkl25z4.o
UART2_RX_TX_DriverIRQHandler                      ./drivers/fsl_uart.o
UART_ClearStatusFlags                             ./drivers/fsl_uart.o
UART_Deinit                                       ./drivers/fsl_uart.o
                                                  ./utilities/fsl_debug_console.o
UART_DisableInterrupts                            ./drivers/fsl_uart.o
UART_EnableInterrupts                             ./drivers/fsl_uart.o
UART_GetDefaultConfig                             ./drivers/fsl_uart.o
                                                  ./utilities/fsl_debug_console.o
UART_GetEnabledInterrupts                         ./drivers/fsl_uart.o
UART_GetInstance                                  ./drivers/fsl_uart.o
UART_GetStatusFlags                               ./drivers/fsl_uart.o
UART_Init                                         ./drivers/fsl_uart.o
                                                  ./utilities/fsl_debug_console.o
UART_ReadBlocking                                 ./drivers/fsl_uart.o
                                                  ./utilities/fsl_debug_console.o
UART_SetBaudRate                                  ./drivers/fsl_uart.o
UART_TransferAbortReceive                         ./drivers/fsl_uart.o
UART_TransferAbortSend                            ./drivers/fsl_uart.o
UART_TransferCreateHandle                         ./drivers/fsl_uart.o
UART_TransferGetReceiveCount                      ./drivers/fsl_uart.o
UART_TransferGetSendCount                         ./drivers/fsl_uart.o
UART_TransferHandleErrorIRQ                       ./drivers/fsl_uart.o
UART_TransferHandleIRQ                            ./drivers/fsl_uart.o
UART_TransferReceiveNonBlocking                   ./drivers/fsl_uart.o
UART_TransferSendNonBlocking                      ./drivers/fsl_uart.o
UART_TransferStartRingBuffer                      ./drivers/fsl_uart.o
UART_TransferStopRingBuffer                       ./drivers/fsl_uart.o
UART_WriteBlocking                                ./drivers/fsl_uart.o
                                                  ./utilities/fsl_debug_console.o
USB0_DriverIRQHandler                             ./startup/startup_mkl25z4.o
USB0_IRQHandler                                   ./startup/startup_mkl25z4.o
_Csys_alloc                                       e:/sriraj/nxp/ide/plugins/com.nxp.mcuxpresso.tools.win32_11.6.0.202112161359/tools/bin/../lib/gcc/arm-none-eabi/10.3.1/../../../../arm-none-eabi/lib/thumb/v6-m/nofp\libcr_c.a(alloc.o)
                                                  e:/sriraj/nxp/ide/plugins/com.nxp.mcuxpresso.tools.win32_11.6.0.202112161359/tools/bin/../lib/gcc/arm-none-eabi/10.3.1/../../../../arm-none-eabi/lib/thumb/v6-m/nofp\libcr_c.a(_deferredlazyseek.o)
_Cwritebuf                                        e:/sriraj/nxp/ide/plugins/com.nxp.mcuxpresso.tools.win32_11.6.0.202112161359/tools/bin/../lib/gcc/arm-none-eabi/10.3.1/../../../../arm-none-eabi/lib/thumb/v6-m/nofp\libcr_c.a(_writebuf.o)